10:06:34 **** Clean-only build of configuration Debug for project User CPU Base Example ****
make -j4 clean 
rm -rf *
 
10:06:35 **** Build of configuration Debug for project User CPU Base Example ****
make -j4 all 
arm-none-eabi-gcc "../source/main.c" -mcpu=cortex-m7 -std=gnu17 -g3 -DDEBUG -DUSE_HAL_DRIVER -DSTM32H743xx -c -I../lib/hal/Core/Inc -I../lib/libleguan/include -I../lib/hal/Drivers/STM32H7xx_HAL_Driver/Inc -I../lib/hal/Drivers/STM32H7xx_HAL_Driver/Inc/Legacy -I../lib/hal/Drivers/CMSIS/Device/ST/STM32H7xx/Include -I../lib/hal/Drivers/CMSIS/Include -I../lib/hal/FATFS/Target -I../lib/hal/FATFS/App -I../lib/hal/USB_DEVICE/App -I../lib/hal/USB_DEVICE/Target -I../lib/hal/Middlewares/Third_Party/FatFs/src -I../lib/hal/Middlewares/ST/STM32_USB_Device_Library/Core/Inc -I../lib/hal/Middlewares/ST/STM32_USB_Device_Library/Class/CustomHID/Inc -I../include -O0 -ffunction-sections -fdata-sections -Wall -Werror -mfp16-format=ieee -fstack-usage -MMD -MP -MF"source/main.d" -MT"source/main.o" --specs=nano.specs -mfpu=fpv5-d16 -mfloat-abi=hard -mthumb -o "source/main.o"
arm-none-eabi-gcc "../lib/libleguan/source/peripherals/internal/adc.c" -mcpu=cortex-m7 -std=gnu17 -g3 -DDEBUG -DUSE_HAL_DRIVER -DSTM32H743xx -c -I../lib/hal/Core/Inc -I../lib/libleguan/include -I../lib/hal/Drivers/STM32H7xx_HAL_Driver/Inc -I../lib/hal/Drivers/STM32H7xx_HAL_Driver/Inc/Legacy -I../lib/hal/Drivers/CMSIS/Device/ST/STM32H7xx/Include -I../lib/hal/Drivers/CMSIS/Include -I../lib/hal/FATFS/Target -I../lib/hal/FATFS/App -I../lib/hal/USB_DEVICE/App -I../lib/hal/USB_DEVICE/Target -I../lib/hal/Middlewares/Third_Party/FatFs/src -I../lib/hal/Middlewares/ST/STM32_USB_Device_Library/Core/Inc -I../lib/hal/Middlewares/ST/STM32_USB_Device_Library/Class/CustomHID/Inc -I../include -O0 -ffunction-sections -fdata-sections -Wall -Werror -mfp16-format=ieee -fstack-usage -MMD -MP -MF"lib/libleguan/source/peripherals/internal/adc.d" -MT"lib/libleguan/source/peripherals/internal/adc.o" --specs=nano.specs -mfpu=fpv5-d16 -mfloat-abi=hard -mthumb -o "lib/libleguan/source/peripherals/internal/adc.o"
arm-none-eabi-gcc "../lib/libleguan/source/peripherals/internal/dac.c" -mcpu=cortex-m7 -std=gnu17 -g3 -DDEBUG -DUSE_HAL_DRIVER -DSTM32H743xx -c -I../lib/hal/Core/Inc -I../lib/libleguan/include -I../lib/hal/Drivers/STM32H7xx_HAL_Driver/Inc -I../lib/hal/Drivers/STM32H7xx_HAL_Driver/Inc/Legacy -I../lib/hal/Drivers/CMSIS/Device/ST/STM32H7xx/Include -I../lib/hal/Drivers/CMSIS/Include -I../lib/hal/FATFS/Target -I../lib/hal/FATFS/App -I../lib/hal/USB_DEVICE/App -I../lib/hal/USB_DEVICE/Target -I../lib/hal/Middlewares/Third_Party/FatFs/src -I../lib/hal/Middlewares/ST/STM32_USB_Device_Library/Core/Inc -I../lib/hal/Middlewares/ST/STM32_USB_Device_Library/Class/CustomHID/Inc -I../include -O0 -ffunction-sections -fdata-sections -Wall -Werror -mfp16-format=ieee -fstack-usage -MMD -MP -MF"lib/libleguan/source/peripherals/internal/dac.d" -MT"lib/libleguan/source/peripherals/internal/dac.o" --specs=nano.specs -mfpu=fpv5-d16 -mfloat-abi=hard -mthumb -o "lib/libleguan/source/peripherals/internal/dac.o"
arm-none-eabi-gcc "../lib/libleguan/source/peripherals/internal/gpio.c" -mcpu=cortex-m7 -std=gnu17 -g3 -DDEBUG -DUSE_HAL_DRIVER -DSTM32H743xx -c -I../lib/hal/Core/Inc -I../lib/libleguan/include -I../lib/hal/Drivers/STM32H7xx_HAL_Driver/Inc -I../lib/hal/Drivers/STM32H7xx_HAL_Driver/Inc/Legacy -I../lib/hal/Drivers/CMSIS/Device/ST/STM32H7xx/Include -I../lib/hal/Drivers/CMSIS/Include -I../lib/hal/FATFS/Target -I../lib/hal/FATFS/App -I../lib/hal/USB_DEVICE/App -I../lib/hal/USB_DEVICE/Target -I../lib/hal/Middlewares/Third_Party/FatFs/src -I../lib/hal/Middlewares/ST/STM32_USB_Device_Library/Core/Inc -I../lib/hal/Middlewares/ST/STM32_USB_Device_Library/Class/CustomHID/Inc -I../include -O0 -ffunction-sections -fdata-sections -Wall -Werror -mfp16-format=ieee -fstack-usage -MMD -MP -MF"lib/libleguan/source/peripherals/internal/gpio.d" -MT"lib/libleguan/source/peripherals/internal/gpio.o" --specs=nano.specs -mfpu=fpv5-d16 -mfloat-abi=hard -mthumb -o "lib/libleguan/source/peripherals/internal/gpio.o"
arm-none-eabi-gcc "../lib/libleguan/source/peripherals/internal/i2c.c" -mcpu=cortex-m7 -std=gnu17 -g3 -DDEBUG -DUSE_HAL_DRIVER -DSTM32H743xx -c -I../lib/hal/Core/Inc -I../lib/libleguan/include -I../lib/hal/Drivers/STM32H7xx_HAL_Driver/Inc -I../lib/hal/Drivers/STM32H7xx_HAL_Driver/Inc/Legacy -I../lib/hal/Drivers/CMSIS/Device/ST/STM32H7xx/Include -I../lib/hal/Drivers/CMSIS/Include -I../lib/hal/FATFS/Target -I../lib/hal/FATFS/App -I../lib/hal/USB_DEVICE/App -I../lib/hal/USB_DEVICE/Target -I../lib/hal/Middlewares/Third_Party/FatFs/src -I../lib/hal/Middlewares/ST/STM32_USB_Device_Library/Core/Inc -I../lib/hal/Middlewares/ST/STM32_USB_Device_Library/Class/CustomHID/Inc -I../include -O0 -ffunction-sections -fdata-sections -Wall -Werror -mfp16-format=ieee -fstack-usage -MMD -MP -MF"lib/libleguan/source/peripherals/internal/i2c.d" -MT"lib/libleguan/source/peripherals/internal/i2c.o" --specs=nano.specs -mfpu=fpv5-d16 -mfloat-abi=hard -mthumb -o "lib/libleguan/source/peripherals/internal/i2c.o"
arm-none-eabi-gcc "../lib/libleguan/source/peripherals/internal/serial.c" -mcpu=cortex-m7 -std=gnu17 -g3 -DDEBUG -DUSE_HAL_DRIVER -DSTM32H743xx -c -I../lib/hal/Core/Inc -I../lib/libleguan/include -I../lib/hal/Drivers/STM32H7xx_HAL_Driver/Inc -I../lib/hal/Drivers/STM32H7xx_HAL_Driver/Inc/Legacy -I../lib/hal/Drivers/CMSIS/Device/ST/STM32H7xx/Include -I../lib/hal/Drivers/CMSIS/Include -I../lib/hal/FATFS/Target -I../lib/hal/FATFS/App -I../lib/hal/USB_DEVICE/App -I../lib/hal/USB_DEVICE/Target -I../lib/hal/Middlewares/Third_Party/FatFs/src -I../lib/hal/Middlewares/ST/STM32_USB_Device_Library/Core/Inc -I../lib/hal/Middlewares/ST/STM32_USB_Device_Library/Class/CustomHID/Inc -I../include -O0 -ffunction-sections -fdata-sections -Wall -Werror -mfp16-format=ieee -fstack-usage -MMD -MP -MF"lib/libleguan/source/peripherals/internal/serial.d" -MT"lib/libleguan/source/peripherals/internal/serial.o" --specs=nano.specs -mfpu=fpv5-d16 -mfloat-abi=hard -mthumb -o "lib/libleguan/source/peripherals/internal/serial.o"
arm-none-eabi-gcc "../lib/libleguan/source/peripherals/internal/spi.c" -mcpu=cortex-m7 -std=gnu17 -g3 -DDEBUG -DUSE_HAL_DRIVER -DSTM32H743xx -c -I../lib/hal/Core/Inc -I../lib/libleguan/include -I../lib/hal/Drivers/STM32H7xx_HAL_Driver/Inc -I../lib/hal/Drivers/STM32H7xx_HAL_Driver/Inc/Legacy -I../lib/hal/Drivers/CMSIS/Device/ST/STM32H7xx/Include -I../lib/hal/Drivers/CMSIS/Include -I../lib/hal/FATFS/Target -I../lib/hal/FATFS/App -I../lib/hal/USB_DEVICE/App -I../lib/hal/USB_DEVICE/Target -I../lib/hal/Middlewares/Third_Party/FatFs/src -I../lib/hal/Middlewares/ST/STM32_USB_Device_Library/Core/Inc -I../lib/hal/Middlewares/ST/STM32_USB_Device_Library/Class/CustomHID/Inc -I../include -O0 -ffunction-sections -fdata-sections -Wall -Werror -mfp16-format=ieee -fstack-usage -MMD -MP -MF"lib/libleguan/source/peripherals/internal/spi.d" -MT"lib/libleguan/source/peripherals/internal/spi.o" --specs=nano.specs -mfpu=fpv5-d16 -mfloat-abi=hard -mthumb -o "lib/libleguan/source/peripherals/internal/spi.o"
arm-none-eabi-gcc "../lib/libleguan/source/peripherals/external/sensors/icm42605.c" -mcpu=cortex-m7 -std=gnu17 -g3 -DDEBUG -DUSE_HAL_DRIVER -DSTM32H743xx -c -I../lib/hal/Core/Inc -I../lib/libleguan/include -I../lib/hal/Drivers/STM32H7xx_HAL_Driver/Inc -I../lib/hal/Drivers/STM32H7xx_HAL_Driver/Inc/Legacy -I../lib/hal/Drivers/CMSIS/Device/ST/STM32H7xx/Include -I../lib/hal/Drivers/CMSIS/Include -I../lib/hal/FATFS/Target -I../lib/hal/FATFS/App -I../lib/hal/USB_DEVICE/App -I../lib/hal/USB_DEVICE/Target -I../lib/hal/Middlewares/Third_Party/FatFs/src -I../lib/hal/Middlewares/ST/STM32_USB_Device_Library/Core/Inc -I../lib/hal/Middlewares/ST/STM32_USB_Device_Library/Class/CustomHID/Inc -I../include -O0 -ffunction-sections -fdata-sections -Wall -Werror -mfp16-format=ieee -fstack-usage -MMD -MP -MF"lib/libleguan/source/peripherals/external/sensors/icm42605.d" -MT"lib/libleguan/source/peripherals/external/sensors/icm42605.o" --specs=nano.specs -mfpu=fpv5-d16 -mfloat-abi=hard -mthumb -o "lib/libleguan/source/peripherals/external/sensors/icm42605.o"
arm-none-eabi-gcc "../lib/libleguan/source/peripherals/external/sensors/lps22bh.c" -mcpu=cortex-m7 -std=gnu17 -g3 -DDEBUG -DUSE_HAL_DRIVER -DSTM32H743xx -c -I../lib/hal/Core/Inc -I../lib/libleguan/include -I../lib/hal/Drivers/STM32H7xx_HAL_Driver/Inc -I../lib/hal/Drivers/STM32H7xx_HAL_Driver/Inc/Legacy -I../lib/hal/Drivers/CMSIS/Device/ST/STM32H7xx/Include -I../lib/hal/Drivers/CMSIS/Include -I../lib/hal/FATFS/Target -I../lib/hal/FATFS/App -I../lib/hal/USB_DEVICE/App -I../lib/hal/USB_DEVICE/Target -I../lib/hal/Middlewares/Third_Party/FatFs/src -I../lib/hal/Middlewares/ST/STM32_USB_Device_Library/Core/Inc -I../lib/hal/Middlewares/ST/STM32_USB_Device_Library/Class/CustomHID/Inc -I../include -O0 -ffunction-sections -fdata-sections -Wall -Werror -mfp16-format=ieee -fstack-usage -MMD -MP -MF"lib/libleguan/source/peripherals/external/sensors/lps22bh.d" -MT"lib/libleguan/source/peripherals/external/sensors/lps22bh.o" --specs=nano.specs -mfpu=fpv5-d16 -mfloat-abi=hard -mthumb -o "lib/libleguan/source/peripherals/external/sensors/lps22bh.o"
arm-none-eabi-gcc "../lib/libleguan/source/peripherals/external/sensors/sht40.c" -mcpu=cortex-m7 -std=gnu17 -g3 -DDEBUG -DUSE_HAL_DRIVER -DSTM32H743xx -c -I../lib/hal/Core/Inc -I../lib/libleguan/include -I../lib/hal/Drivers/STM32H7xx_HAL_Driver/Inc -I../lib/hal/Drivers/STM32H7xx_HAL_Driver/Inc/Legacy -I../lib/hal/Drivers/CMSIS/Device/ST/STM32H7xx/Include -I../lib/hal/Drivers/CMSIS/Include -I../lib/hal/FATFS/Target -I../lib/hal/FATFS/App -I../lib/hal/USB_DEVICE/App -I../lib/hal/USB_DEVICE/Target -I../lib/hal/Middlewares/Third_Party/FatFs/src -I../lib/hal/Middlewares/ST/STM32_USB_Device_Library/Core/Inc -I../lib/hal/Middlewares/ST/STM32_USB_Device_Library/Class/CustomHID/Inc -I../include -O0 -ffunction-sections -fdata-sections -Wall -Werror -mfp16-format=ieee -fstack-usage -MMD -MP -MF"lib/libleguan/source/peripherals/external/sensors/sht40.d" -MT"lib/libleguan/source/peripherals/external/sensors/sht40.o" --specs=nano.specs -mfpu=fpv5-d16 -mfloat-abi=hard -mthumb -o "lib/libleguan/source/peripherals/external/sensors/sht40.o"
arm-none-eabi-gcc "../lib/libleguan/source/peripherals/external/sensors/tcs34725.c" -mcpu=cortex-m7 -std=gnu17 -g3 -DDEBUG -DUSE_HAL_DRIVER -DSTM32H743xx -c -I../lib/hal/Core/Inc -I../lib/libleguan/include -I../lib/hal/Drivers/STM32H7xx_HAL_Driver/Inc -I../lib/hal/Drivers/STM32H7xx_HAL_Driver/Inc/Legacy -I../lib/hal/Drivers/CMSIS/Device/ST/STM32H7xx/Include -I../lib/hal/Drivers/CMSIS/Include -I../lib/hal/FATFS/Target -I../lib/hal/FATFS/App -I../lib/hal/USB_DEVICE/App -I../lib/hal/USB_DEVICE/Target -I../lib/hal/Middlewares/Third_Party/FatFs/src -I../lib/hal/Middlewares/ST/STM32_USB_Device_Library/Core/Inc -I../lib/hal/Middlewares/ST/STM32_USB_Device_Library/Class/CustomHID/Inc -I../include -O0 -ffunction-sections -fdata-sections -Wall -Werror -mfp16-format=ieee -fstack-usage -MMD -MP -MF"lib/libleguan/source/peripherals/external/sensors/tcs34725.d" -MT"lib/libleguan/source/peripherals/external/sensors/tcs34725.o" --specs=nano.specs -mfpu=fpv5-d16 -mfloat-abi=hard -mthumb -o "lib/libleguan/source/peripherals/external/sensors/tcs34725.o"
arm-none-eabi-gcc "../lib/libleguan/source/peripherals/external/fpga.c" -mcpu=cortex-m7 -std=gnu17 -g3 -DDEBUG -DUSE_HAL_DRIVER -DSTM32H743xx -c -I../lib/hal/Core/Inc -I../lib/libleguan/include -I../lib/hal/Drivers/STM32H7xx_HAL_Driver/Inc -I../lib/hal/Drivers/STM32H7xx_HAL_Driver/Inc/Legacy -I../lib/hal/Drivers/CMSIS/Device/ST/STM32H7xx/Include -I../lib/hal/Drivers/CMSIS/Include -I../lib/hal/FATFS/Target -I../lib/hal/FATFS/App -I../lib/hal/USB_DEVICE/App -I../lib/hal/USB_DEVICE/Target -I../lib/hal/Middlewares/Third_Party/FatFs/src -I../lib/hal/Middlewares/ST/STM32_USB_Device_Library/Core/Inc -I../lib/hal/Middlewares/ST/STM32_USB_Device_Library/Class/CustomHID/Inc -I../include -O0 -ffunction-sections -fdata-sections -Wall -Werror -mfp16-format=ieee -fstack-usage -MMD -MP -MF"lib/libleguan/source/peripherals/external/fpga.d" -MT"lib/libleguan/source/peripherals/external/fpga.o" --specs=nano.specs -mfpu=fpv5-d16 -mfloat-abi=hard -mthumb -o "lib/libleguan/source/peripherals/external/fpga.o"
arm-none-eabi-gcc "../lib/libleguan/source/peripherals/external/lcd.c" -mcpu=cortex-m7 -std=gnu17 -g3 -DDEBUG -DUSE_HAL_DRIVER -DSTM32H743xx -c -I../lib/hal/Core/Inc -I../lib/libleguan/include -I../lib/hal/Drivers/STM32H7xx_HAL_Driver/Inc -I../lib/hal/Drivers/STM32H7xx_HAL_Driver/Inc/Legacy -I../lib/hal/Drivers/CMSIS/Device/ST/STM32H7xx/Include -I../lib/hal/Drivers/CMSIS/Include -I../lib/hal/FATFS/Target -I../lib/hal/FATFS/App -I../lib/hal/USB_DEVICE/App -I../lib/hal/USB_DEVICE/Target -I../lib/hal/Middlewares/Third_Party/FatFs/src -I../lib/hal/Middlewares/ST/STM32_USB_Device_Library/Core/Inc -I../lib/hal/Middlewares/ST/STM32_USB_Device_Library/Class/CustomHID/Inc -I../include -O0 -ffunction-sections -fdata-sections -Wall -Werror -mfp16-format=ieee -fstack-usage -MMD -MP -MF"lib/libleguan/source/peripherals/external/lcd.d" -MT"lib/libleguan/source/peripherals/external/lcd.o" --specs=nano.specs -mfpu=fpv5-d16 -mfloat-abi=hard -mthumb -o "lib/libleguan/source/peripherals/external/lcd.o"
arm-none-eabi-gcc "../lib/libleguan/source/peripherals/external/sensors.c" -mcpu=cortex-m7 -std=gnu17 -g3 -DDEBUG -DUSE_HAL_DRIVER -DSTM32H743xx -c -I../lib/hal/Core/Inc -I../lib/libleguan/include -I../lib/hal/Drivers/STM32H7xx_HAL_Driver/Inc -I../lib/hal/Drivers/STM32H7xx_HAL_Driver/Inc/Legacy -I../lib/hal/Drivers/CMSIS/Device/ST/STM32H7xx/Include -I../lib/hal/Drivers/CMSIS/Include -I../lib/hal/FATFS/Target -I../lib/hal/FATFS/App -I../lib/hal/USB_DEVICE/App -I../lib/hal/USB_DEVICE/Target -I../lib/hal/Middlewares/Third_Party/FatFs/src -I../lib/hal/Middlewares/ST/STM32_USB_Device_Library/Core/Inc -I../lib/hal/Middlewares/ST/STM32_USB_Device_Library/Class/CustomHID/Inc -I../include -O0 -ffunction-sections -fdata-sections -Wall -Werror -mfp16-format=ieee -fstack-usage -MMD -MP -MF"lib/libleguan/source/peripherals/external/sensors.d" -MT"lib/libleguan/source/peripherals/external/sensors.o" --specs=nano.specs -mfpu=fpv5-d16 -mfloat-abi=hard -mthumb -o "lib/libleguan/source/peripherals/external/sensors.o"
arm-none-eabi-gcc "../lib/libleguan/source/common/core.c" -mcpu=cortex-m7 -std=gnu17 -g3 -DDEBUG -DUSE_HAL_DRIVER -DSTM32H743xx -c -I../lib/hal/Core/Inc -I../lib/libleguan/include -I../lib/hal/Drivers/STM32H7xx_HAL_Driver/Inc -I../lib/hal/Drivers/STM32H7xx_HAL_Driver/Inc/Legacy -I../lib/hal/Drivers/CMSIS/Device/ST/STM32H7xx/Include -I../lib/hal/Drivers/CMSIS/Include -I../lib/hal/FATFS/Target -I../lib/hal/FATFS/App -I../lib/hal/USB_DEVICE/App -I../lib/hal/USB_DEVICE/Target -I../lib/hal/Middlewares/Third_Party/FatFs/src -I../lib/hal/Middlewares/ST/STM32_USB_Device_Library/Core/Inc -I../lib/hal/Middlewares/ST/STM32_USB_Device_Library/Class/CustomHID/Inc -I../include -O0 -ffunction-sections -fdata-sections -Wall -Werror -mfp16-format=ieee -fstack-usage -MMD -MP -MF"lib/libleguan/source/common/core.d" -MT"lib/libleguan/source/common/core.o" --specs=nano.specs -mfpu=fpv5-d16 -mfloat-abi=hard -mthumb -o "lib/libleguan/source/common/core.o"
arm-none-eabi-gcc "../lib/libleguan/source/common/fpu.c" -mcpu=cortex-m7 -std=gnu17 -g3 -DDEBUG -DUSE_HAL_DRIVER -DSTM32H743xx -c -I../lib/hal/Core/Inc -I../lib/libleguan/include -I../lib/hal/Drivers/STM32H7xx_HAL_Driver/Inc -I../lib/hal/Drivers/STM32H7xx_HAL_Driver/Inc/Legacy -I../lib/hal/Drivers/CMSIS/Device/ST/STM32H7xx/Include -I../lib/hal/Drivers/CMSIS/Include -I../lib/hal/FATFS/Target -I../lib/hal/FATFS/App -I../lib/hal/USB_DEVICE/App -I../lib/hal/USB_DEVICE/Target -I../lib/hal/Middlewares/Third_Party/FatFs/src -I../lib/hal/Middlewares/ST/STM32_USB_Device_Library/Core/Inc -I../lib/hal/Middlewares/ST/STM32_USB_Device_Library/Class/CustomHID/Inc -I../include -O0 -ffunction-sections -fdata-sections -Wall -Werror -mfp16-format=ieee -fstack-usage -MMD -MP -MF"lib/libleguan/source/common/fpu.d" -MT"lib/libleguan/source/common/fpu.o" --specs=nano.specs -mfpu=fpv5-d16 -mfloat-abi=hard -mthumb -o "lib/libleguan/source/common/fpu.o"
arm-none-eabi-gcc "../lib/libleguan/source/common/logger.c" -mcpu=cortex-m7 -std=gnu17 -g3 -DDEBUG -DUSE_HAL_DRIVER -DSTM32H743xx -c -I../lib/hal/Core/Inc -I../lib/libleguan/include -I../lib/hal/Drivers/STM32H7xx_HAL_Driver/Inc -I../lib/hal/Drivers/STM32H7xx_HAL_Driver/Inc/Legacy -I../lib/hal/Drivers/CMSIS/Device/ST/STM32H7xx/Include -I../lib/hal/Drivers/CMSIS/Include -I../lib/hal/FATFS/Target -I../lib/hal/FATFS/App -I../lib/hal/USB_DEVICE/App -I../lib/hal/USB_DEVICE/Target -I../lib/hal/Middlewares/Third_Party/FatFs/src -I../lib/hal/Middlewares/ST/STM32_USB_Device_Library/Core/Inc -I../lib/hal/Middlewares/ST/STM32_USB_Device_Library/Class/CustomHID/Inc -I../include -O0 -ffunction-sections -fdata-sections -Wall -Werror -mfp16-format=ieee -fstack-usage -MMD -MP -MF"lib/libleguan/source/common/logger.d" -MT"lib/libleguan/source/common/logger.o" --specs=nano.specs -mfpu=fpv5-d16 -mfloat-abi=hard -mthumb -o "lib/libleguan/source/common/logger.o"
arm-none-eabi-gcc "../lib/libleguan/source/common/math.c" -mcpu=cortex-m7 -std=gnu17 -g3 -DDEBUG -DUSE_HAL_DRIVER -DSTM32H743xx -c -I../lib/hal/Core/Inc -I../lib/libleguan/include -I../lib/hal/Drivers/STM32H7xx_HAL_Driver/Inc -I../lib/hal/Drivers/STM32H7xx_HAL_Driver/Inc/Legacy -I../lib/hal/Drivers/CMSIS/Device/ST/STM32H7xx/Include -I../lib/hal/Drivers/CMSIS/Include -I../lib/hal/FATFS/Target -I../lib/hal/FATFS/App -I../lib/hal/USB_DEVICE/App -I../lib/hal/USB_DEVICE/Target -I../lib/hal/Middlewares/Third_Party/FatFs/src -I../lib/hal/Middlewares/ST/STM32_USB_Device_Library/Core/Inc -I../lib/hal/Middlewares/ST/STM32_USB_Device_Library/Class/CustomHID/Inc -I../include -O0 -ffunction-sections -fdata-sections -Wall -Werror -mfp16-format=ieee -fstack-usage -MMD -MP -MF"lib/libleguan/source/common/math.d" -MT"lib/libleguan/source/common/math.o" --specs=nano.specs -mfpu=fpv5-d16 -mfloat-abi=hard -mthumb -o "lib/libleguan/source/common/math.o"
arm-none-eabi-gcc "../lib/libleguan/source/leguan.c" -mcpu=cortex-m7 -std=gnu17 -g3 -DDEBUG -DUSE_HAL_DRIVER -DSTM32H743xx -c -I../lib/hal/Core/Inc -I../lib/libleguan/include -I../lib/hal/Drivers/STM32H7xx_HAL_Driver/Inc -I../lib/hal/Drivers/STM32H7xx_HAL_Driver/Inc/Legacy -I../lib/hal/Drivers/CMSIS/Device/ST/STM32H7xx/Include -I../lib/hal/Drivers/CMSIS/Include -I../lib/hal/FATFS/Target -I../lib/hal/FATFS/App -I../lib/hal/USB_DEVICE/App -I../lib/hal/USB_DEVICE/Target -I../lib/hal/Middlewares/Third_Party/FatFs/src -I../lib/hal/Middlewares/ST/STM32_USB_Device_Library/Core/Inc -I../lib/hal/Middlewares/ST/STM32_USB_Device_Library/Class/CustomHID/Inc -I../include -O0 -ffunction-sections -fdata-sections -Wall -Werror -mfp16-format=ieee -fstack-usage -MMD -MP -MF"lib/libleguan/source/leguan.d" -MT"lib/libleguan/source/leguan.o" --specs=nano.specs -mfpu=fpv5-d16 -mfloat-abi=hard -mthumb -o "lib/libleguan/source/leguan.o"
arm-none-eabi-gcc "../lib/hal/USB_DEVICE/Target/usbd_conf.c" -mcpu=cortex-m7 -std=gnu17 -g3 -DDEBUG -DUSE_HAL_DRIVER -DSTM32H743xx -c -I../lib/hal/Core/Inc -I../lib/libleguan/include -I../lib/hal/Drivers/STM32H7xx_HAL_Driver/Inc -I../lib/hal/Drivers/STM32H7xx_HAL_Driver/Inc/Legacy -I../lib/hal/Drivers/CMSIS/Device/ST/STM32H7xx/Include -I../lib/hal/Drivers/CMSIS/Include -I../lib/hal/FATFS/Target -I../lib/hal/FATFS/App -I../lib/hal/USB_DEVICE/App -I../lib/hal/USB_DEVICE/Target -I../lib/hal/Middlewares/Third_Party/FatFs/src -I../lib/hal/Middlewares/ST/STM32_USB_Device_Library/Core/Inc -I../lib/hal/Middlewares/ST/STM32_USB_Device_Library/Class/CustomHID/Inc -I../include -O0 -ffunction-sections -fdata-sections -Wall -Werror -mfp16-format=ieee -fstack-usage -MMD -MP -MF"lib/hal/USB_DEVICE/Target/usbd_conf.d" -MT"lib/hal/USB_DEVICE/Target/usbd_conf.o" --specs=nano.specs -mfpu=fpv5-d16 -mfloat-abi=hard -mthumb -o "lib/hal/USB_DEVICE/Target/usbd_conf.o"
arm-none-eabi-gcc "../lib/hal/USB_DEVICE/App/usb_device.c" -mcpu=cortex-m7 -std=gnu17 -g3 -DDEBUG -DUSE_HAL_DRIVER -DSTM32H743xx -c -I../lib/hal/Core/Inc -I../lib/libleguan/include -I../lib/hal/Drivers/STM32H7xx_HAL_Driver/Inc -I../lib/hal/Drivers/STM32H7xx_HAL_Driver/Inc/Legacy -I../lib/hal/Drivers/CMSIS/Device/ST/STM32H7xx/Include -I../lib/hal/Drivers/CMSIS/Include -I../lib/hal/FATFS/Target -I../lib/hal/FATFS/App -I../lib/hal/USB_DEVICE/App -I../lib/hal/USB_DEVICE/Target -I../lib/hal/Middlewares/Third_Party/FatFs/src -I../lib/hal/Middlewares/ST/STM32_USB_Device_Library/Core/Inc -I../lib/hal/Middlewares/ST/STM32_USB_Device_Library/Class/CustomHID/Inc -I../include -O0 -ffunction-sections -fdata-sections -Wall -Werror -mfp16-format=ieee -fstack-usage -MMD -MP -MF"lib/hal/USB_DEVICE/App/usb_device.d" -MT"lib/hal/USB_DEVICE/App/usb_device.o" --specs=nano.specs -mfpu=fpv5-d16 -mfloat-abi=hard -mthumb -o "lib/hal/USB_DEVICE/App/usb_device.o"
arm-none-eabi-gcc "../lib/hal/USB_DEVICE/App/usbd_custom_hid_if.c" -mcpu=cortex-m7 -std=gnu17 -g3 -DDEBUG -DUSE_HAL_DRIVER -DSTM32H743xx -c -I../lib/hal/Core/Inc -I../lib/libleguan/include -I../lib/hal/Drivers/STM32H7xx_HAL_Driver/Inc -I../lib/hal/Drivers/STM32H7xx_HAL_Driver/Inc/Legacy -I../lib/hal/Drivers/CMSIS/Device/ST/STM32H7xx/Include -I../lib/hal/Drivers/CMSIS/Include -I../lib/hal/FATFS/Target -I../lib/hal/FATFS/App -I../lib/hal/USB_DEVICE/App -I../lib/hal/USB_DEVICE/Target -I../lib/hal/Middlewares/Third_Party/FatFs/src -I../lib/hal/Middlewares/ST/STM32_USB_Device_Library/Core/Inc -I../lib/hal/Middlewares/ST/STM32_USB_Device_Library/Class/CustomHID/Inc -I../include -O0 -ffunction-sections -fdata-sections -Wall -Werror -mfp16-format=ieee -fstack-usage -MMD -MP -MF"lib/hal/USB_DEVICE/App/usbd_custom_hid_if.d" -MT"lib/hal/USB_DEVICE/App/usbd_custom_hid_if.o" --specs=nano.specs -mfpu=fpv5-d16 -mfloat-abi=hard -mthumb -o "lib/hal/USB_DEVICE/App/usbd_custom_hid_if.o"
arm-none-eabi-gcc "../lib/hal/USB_DEVICE/App/usbd_desc.c" -mcpu=cortex-m7 -std=gnu17 -g3 -DDEBUG -DUSE_HAL_DRIVER -DSTM32H743xx -c -I../lib/hal/Core/Inc -I../lib/libleguan/include -I../lib/hal/Drivers/STM32H7xx_HAL_Driver/Inc -I../lib/hal/Drivers/STM32H7xx_HAL_Driver/Inc/Legacy -I../lib/hal/Drivers/CMSIS/Device/ST/STM32H7xx/Include -I../lib/hal/Drivers/CMSIS/Include -I../lib/hal/FATFS/Target -I../lib/hal/FATFS/App -I../lib/hal/USB_DEVICE/App -I../lib/hal/USB_DEVICE/Target -I../lib/hal/Middlewares/Third_Party/FatFs/src -I../lib/hal/Middlewares/ST/STM32_USB_Device_Library/Core/Inc -I../lib/hal/Middlewares/ST/STM32_USB_Device_Library/Class/CustomHID/Inc -I../include -O0 -ffunction-sections -fdata-sections -Wall -Werror -mfp16-format=ieee -fstack-usage -MMD -MP -MF"lib/hal/USB_DEVICE/App/usbd_desc.d" -MT"lib/hal/USB_DEVICE/App/usbd_desc.o" --specs=nano.specs -mfpu=fpv5-d16 -mfloat-abi=hard -mthumb -o "lib/hal/USB_DEVICE/App/usbd_desc.o"
arm-none-eabi-gcc "../lib/hal/Middlewares/Third_Party/FatFs/src/option/syscall.c" -mcpu=cortex-m7 -std=gnu17 -g3 -DDEBUG -DUSE_HAL_DRIVER -DSTM32H743xx -c -I../lib/hal/Core/Inc -I../lib/libleguan/include -I../lib/hal/Drivers/STM32H7xx_HAL_Driver/Inc -I../lib/hal/Drivers/STM32H7xx_HAL_Driver/Inc/Legacy -I../lib/hal/Drivers/CMSIS/Device/ST/STM32H7xx/Include -I../lib/hal/Drivers/CMSIS/Include -I../lib/hal/FATFS/Target -I../lib/hal/FATFS/App -I../lib/hal/USB_DEVICE/App -I../lib/hal/USB_DEVICE/Target -I../lib/hal/Middlewares/Third_Party/FatFs/src -I../lib/hal/Middlewares/ST/STM32_USB_Device_Library/Core/Inc -I../lib/hal/Middlewares/ST/STM32_USB_Device_Library/Class/CustomHID/Inc -I../include -O0 -ffunction-sections -fdata-sections -Wall -Werror -mfp16-format=ieee -fstack-usage -MMD -MP -MF"lib/hal/Middlewares/Third_Party/FatFs/src/option/syscall.d" -MT"lib/hal/Middlewares/Third_Party/FatFs/src/option/syscall.o" --specs=nano.specs -mfpu=fpv5-d16 -mfloat-abi=hard -mthumb -o "lib/hal/Middlewares/Third_Party/FatFs/src/option/syscall.o"
arm-none-eabi-gcc "../lib/hal/Middlewares/Third_Party/FatFs/src/diskio.c" -mcpu=cortex-m7 -std=gnu17 -g3 -DDEBUG -DUSE_HAL_DRIVER -DSTM32H743xx -c -I../lib/hal/Core/Inc -I../lib/libleguan/include -I../lib/hal/Drivers/STM32H7xx_HAL_Driver/Inc -I../lib/hal/Drivers/STM32H7xx_HAL_Driver/Inc/Legacy -I../lib/hal/Drivers/CMSIS/Device/ST/STM32H7xx/Include -I../lib/hal/Drivers/CMSIS/Include -I../lib/hal/FATFS/Target -I../lib/hal/FATFS/App -I../lib/hal/USB_DEVICE/App -I../lib/hal/USB_DEVICE/Target -I../lib/hal/Middlewares/Third_Party/FatFs/src -I../lib/hal/Middlewares/ST/STM32_USB_Device_Library/Core/Inc -I../lib/hal/Middlewares/ST/STM32_USB_Device_Library/Class/CustomHID/Inc -I../include -O0 -ffunction-sections -fdata-sections -Wall -Werror -mfp16-format=ieee -fstack-usage -MMD -MP -MF"lib/hal/Middlewares/Third_Party/FatFs/src/diskio.d" -MT"lib/hal/Middlewares/Third_Party/FatFs/src/diskio.o" --specs=nano.specs -mfpu=fpv5-d16 -mfloat-abi=hard -mthumb -o "lib/hal/Middlewares/Third_Party/FatFs/src/diskio.o"
arm-none-eabi-gcc "../lib/hal/Middlewares/Third_Party/FatFs/src/ff.c" -mcpu=cortex-m7 -std=gnu17 -g3 -DDEBUG -DUSE_HAL_DRIVER -DSTM32H743xx -c -I../lib/hal/Core/Inc -I../lib/libleguan/include -I../lib/hal/Drivers/STM32H7xx_HAL_Driver/Inc -I../lib/hal/Drivers/STM32H7xx_HAL_Driver/Inc/Legacy -I../lib/hal/Drivers/CMSIS/Device/ST/STM32H7xx/Include -I../lib/hal/Drivers/CMSIS/Include -I../lib/hal/FATFS/Target -I../lib/hal/FATFS/App -I../lib/hal/USB_DEVICE/App -I../lib/hal/USB_DEVICE/Target -I../lib/hal/Middlewares/Third_Party/FatFs/src -I../lib/hal/Middlewares/ST/STM32_USB_Device_Library/Core/Inc -I../lib/hal/Middlewares/ST/STM32_USB_Device_Library/Class/CustomHID/Inc -I../include -O0 -ffunction-sections -fdata-sections -Wall -Werror -mfp16-format=ieee -fstack-usage -MMD -MP -MF"lib/hal/Middlewares/Third_Party/FatFs/src/ff.d" -MT"lib/hal/Middlewares/Third_Party/FatFs/src/ff.o" --specs=nano.specs -mfpu=fpv5-d16 -mfloat-abi=hard -mthumb -o "lib/hal/Middlewares/Third_Party/FatFs/src/ff.o"
arm-none-eabi-gcc "../lib/hal/Middlewares/Third_Party/FatFs/src/ff_gen_drv.c" -mcpu=cortex-m7 -std=gnu17 -g3 -DDEBUG -DUSE_HAL_DRIVER -DSTM32H743xx -c -I../lib/hal/Core/Inc -I../lib/libleguan/include -I../lib/hal/Drivers/STM32H7xx_HAL_Driver/Inc -I../lib/hal/Drivers/STM32H7xx_HAL_Driver/Inc/Legacy -I../lib/hal/Drivers/CMSIS/Device/ST/STM32H7xx/Include -I../lib/hal/Drivers/CMSIS/Include -I../lib/hal/FATFS/Target -I../lib/hal/FATFS/App -I../lib/hal/USB_DEVICE/App -I../lib/hal/USB_DEVICE/Target -I../lib/hal/Middlewares/Third_Party/FatFs/src -I../lib/hal/Middlewares/ST/STM32_USB_Device_Library/Core/Inc -I../lib/hal/Middlewares/ST/STM32_USB_Device_Library/Class/CustomHID/Inc -I../include -O0 -ffunction-sections -fdata-sections -Wall -Werror -mfp16-format=ieee -fstack-usage -MMD -MP -MF"lib/hal/Middlewares/Third_Party/FatFs/src/ff_gen_drv.d" -MT"lib/hal/Middlewares/Third_Party/FatFs/src/ff_gen_drv.o" --specs=nano.specs -mfpu=fpv5-d16 -mfloat-abi=hard -mthumb -o "lib/hal/Middlewares/Third_Party/FatFs/src/ff_gen_drv.o"
arm-none-eabi-gcc "../lib/hal/Middlewares/ST/STM32_USB_Device_Library/Core/Src/usbd_core.c" -mcpu=cortex-m7 -std=gnu17 -g3 -DDEBUG -DUSE_HAL_DRIVER -DSTM32H743xx -c -I../lib/hal/Core/Inc -I../lib/libleguan/include -I../lib/hal/Drivers/STM32H7xx_HAL_Driver/Inc -I../lib/hal/Drivers/STM32H7xx_HAL_Driver/Inc/Legacy -I../lib/hal/Drivers/CMSIS/Device/ST/STM32H7xx/Include -I../lib/hal/Drivers/CMSIS/Include -I../lib/hal/FATFS/Target -I../lib/hal/FATFS/App -I../lib/hal/USB_DEVICE/App -I../lib/hal/USB_DEVICE/Target -I../lib/hal/Middlewares/Third_Party/FatFs/src -I../lib/hal/Middlewares/ST/STM32_USB_Device_Library/Core/Inc -I../lib/hal/Middlewares/ST/STM32_USB_Device_Library/Class/CustomHID/Inc -I../include -O0 -ffunction-sections -fdata-sections -Wall -Werror -mfp16-format=ieee -fstack-usage -MMD -MP -MF"lib/hal/Middlewares/ST/STM32_USB_Device_Library/Core/Src/usbd_core.d" -MT"lib/hal/Middlewares/ST/STM32_USB_Device_Library/Core/Src/usbd_core.o" --specs=nano.specs -mfpu=fpv5-d16 -mfloat-abi=hard -mthumb -o "lib/hal/Middlewares/ST/STM32_USB_Device_Library/Core/Src/usbd_core.o"
arm-none-eabi-gcc "../lib/hal/Middlewares/ST/STM32_USB_Device_Library/Core/Src/usbd_ctlreq.c" -mcpu=cortex-m7 -std=gnu17 -g3 -DDEBUG -DUSE_HAL_DRIVER -DSTM32H743xx -c -I../lib/hal/Core/Inc -I../lib/libleguan/include -I../lib/hal/Drivers/STM32H7xx_HAL_Driver/Inc -I../lib/hal/Drivers/STM32H7xx_HAL_Driver/Inc/Legacy -I../lib/hal/Drivers/CMSIS/Device/ST/STM32H7xx/Include -I../lib/hal/Drivers/CMSIS/Include -I../lib/hal/FATFS/Target -I../lib/hal/FATFS/App -I../lib/hal/USB_DEVICE/App -I../lib/hal/USB_DEVICE/Target -I../lib/hal/Middlewares/Third_Party/FatFs/src -I../lib/hal/Middlewares/ST/STM32_USB_Device_Library/Core/Inc -I../lib/hal/Middlewares/ST/STM32_USB_Device_Library/Class/CustomHID/Inc -I../include -O0 -ffunction-sections -fdata-sections -Wall -Werror -mfp16-format=ieee -fstack-usage -MMD -MP -MF"lib/hal/Middlewares/ST/STM32_USB_Device_Library/Core/Src/usbd_ctlreq.d" -MT"lib/hal/Middlewares/ST/STM32_USB_Device_Library/Core/Src/usbd_ctlreq.o" --specs=nano.specs -mfpu=fpv5-d16 -mfloat-abi=hard -mthumb -o "lib/hal/Middlewares/ST/STM32_USB_Device_Library/Core/Src/usbd_ctlreq.o"
arm-none-eabi-gcc "../lib/hal/Middlewares/ST/STM32_USB_Device_Library/Core/Src/usbd_ioreq.c" -mcpu=cortex-m7 -std=gnu17 -g3 -DDEBUG -DUSE_HAL_DRIVER -DSTM32H743xx -c -I../lib/hal/Core/Inc -I../lib/libleguan/include -I../lib/hal/Drivers/STM32H7xx_HAL_Driver/Inc -I../lib/hal/Drivers/STM32H7xx_HAL_Driver/Inc/Legacy -I../lib/hal/Drivers/CMSIS/Device/ST/STM32H7xx/Include -I../lib/hal/Drivers/CMSIS/Include -I../lib/hal/FATFS/Target -I../lib/hal/FATFS/App -I../lib/hal/USB_DEVICE/App -I../lib/hal/USB_DEVICE/Target -I../lib/hal/Middlewares/Third_Party/FatFs/src -I../lib/hal/Middlewares/ST/STM32_USB_Device_Library/Core/Inc -I../lib/hal/Middlewares/ST/STM32_USB_Device_Library/Class/CustomHID/Inc -I../include -O0 -ffunction-sections -fdata-sections -Wall -Werror -mfp16-format=ieee -fstack-usage -MMD -MP -MF"lib/hal/Middlewares/ST/STM32_USB_Device_Library/Core/Src/usbd_ioreq.d" -MT"lib/hal/Middlewares/ST/STM32_USB_Device_Library/Core/Src/usbd_ioreq.o" --specs=nano.specs -mfpu=fpv5-d16 -mfloat-abi=hard -mthumb -o "lib/hal/Middlewares/ST/STM32_USB_Device_Library/Core/Src/usbd_ioreq.o"
arm-none-eabi-gcc "../lib/hal/Middlewares/ST/STM32_USB_Device_Library/Class/CustomHID/Src/usbd_customhid.c" -mcpu=cortex-m7 -std=gnu17 -g3 -DDEBUG -DUSE_HAL_DRIVER -DSTM32H743xx -c -I../lib/hal/Core/Inc -I../lib/libleguan/include -I../lib/hal/Drivers/STM32H7xx_HAL_Driver/Inc -I../lib/hal/Drivers/STM32H7xx_HAL_Driver/Inc/Legacy -I../lib/hal/Drivers/CMSIS/Device/ST/STM32H7xx/Include -I../lib/hal/Drivers/CMSIS/Include -I../lib/hal/FATFS/Target -I../lib/hal/FATFS/App -I../lib/hal/USB_DEVICE/App -I../lib/hal/USB_DEVICE/Target -I../lib/hal/Middlewares/Third_Party/FatFs/src -I../lib/hal/Middlewares/ST/STM32_USB_Device_Library/Core/Inc -I../lib/hal/Middlewares/ST/STM32_USB_Device_Library/Class/CustomHID/Inc -I../include -O0 -ffunction-sections -fdata-sections -Wall -Werror -mfp16-format=ieee -fstack-usage -MMD -MP -MF"lib/hal/Middlewares/ST/STM32_USB_Device_Library/Class/CustomHID/Src/usbd_customhid.d" -MT"lib/hal/Middlewares/ST/STM32_USB_Device_Library/Class/CustomHID/Src/usbd_customhid.o" --specs=nano.specs -mfpu=fpv5-d16 -mfloat-abi=hard -mthumb -o "lib/hal/Middlewares/ST/STM32_USB_Device_Library/Class/CustomHID/Src/usbd_customhid.o"
arm-none-eabi-gcc "../lib/hal/FATFS/Target/bsp_driver_sd.c" -mcpu=cortex-m7 -std=gnu17 -g3 -DDEBUG -DUSE_HAL_DRIVER -DSTM32H743xx -c -I../lib/hal/Core/Inc -I../lib/libleguan/include -I../lib/hal/Drivers/STM32H7xx_HAL_Driver/Inc -I../lib/hal/Drivers/STM32H7xx_HAL_Driver/Inc/Legacy -I../lib/hal/Drivers/CMSIS/Device/ST/STM32H7xx/Include -I../lib/hal/Drivers/CMSIS/Include -I../lib/hal/FATFS/Target -I../lib/hal/FATFS/App -I../lib/hal/USB_DEVICE/App -I../lib/hal/USB_DEVICE/Target -I../lib/hal/Middlewares/Third_Party/FatFs/src -I../lib/hal/Middlewares/ST/STM32_USB_Device_Library/Core/Inc -I../lib/hal/Middlewares/ST/STM32_USB_Device_Library/Class/CustomHID/Inc -I../include -O0 -ffunction-sections -fdata-sections -Wall -Werror -mfp16-format=ieee -fstack-usage -MMD -MP -MF"lib/hal/FATFS/Target/bsp_driver_sd.d" -MT"lib/hal/FATFS/Target/bsp_driver_sd.o" --specs=nano.specs -mfpu=fpv5-d16 -mfloat-abi=hard -mthumb -o "lib/hal/FATFS/Target/bsp_driver_sd.o"
arm-none-eabi-gcc "../lib/hal/FATFS/Target/fatfs_platform.c" -mcpu=cortex-m7 -std=gnu17 -g3 -DDEBUG -DUSE_HAL_DRIVER -DSTM32H743xx -c -I../lib/hal/Core/Inc -I../lib/libleguan/include -I../lib/hal/Drivers/STM32H7xx_HAL_Driver/Inc -I../lib/hal/Drivers/STM32H7xx_HAL_Driver/Inc/Legacy -I../lib/hal/Drivers/CMSIS/Device/ST/STM32H7xx/Include -I../lib/hal/Drivers/CMSIS/Include -I../lib/hal/FATFS/Target -I../lib/hal/FATFS/App -I../lib/hal/USB_DEVICE/App -I../lib/hal/USB_DEVICE/Target -I../lib/hal/Middlewares/Third_Party/FatFs/src -I../lib/hal/Middlewares/ST/STM32_USB_Device_Library/Core/Inc -I../lib/hal/Middlewares/ST/STM32_USB_Device_Library/Class/CustomHID/Inc -I../include -O0 -ffunction-sections -fdata-sections -Wall -Werror -mfp16-format=ieee -fstack-usage -MMD -MP -MF"lib/hal/FATFS/Target/fatfs_platform.d" -MT"lib/hal/FATFS/Target/fatfs_platform.o" --specs=nano.specs -mfpu=fpv5-d16 -mfloat-abi=hard -mthumb -o "lib/hal/FATFS/Target/fatfs_platform.o"
arm-none-eabi-gcc "../lib/hal/FATFS/Target/sd_diskio.c" -mcpu=cortex-m7 -std=gnu17 -g3 -DDEBUG -DUSE_HAL_DRIVER -DSTM32H743xx -c -I../lib/hal/Core/Inc -I../lib/libleguan/include -I../lib/hal/Drivers/STM32H7xx_HAL_Driver/Inc -I../lib/hal/Drivers/STM32H7xx_HAL_Driver/Inc/Legacy -I../lib/hal/Drivers/CMSIS/Device/ST/STM32H7xx/Include -I../lib/hal/Drivers/CMSIS/Include -I../lib/hal/FATFS/Target -I../lib/hal/FATFS/App -I../lib/hal/USB_DEVICE/App -I../lib/hal/USB_DEVICE/Target -I../lib/hal/Middlewares/Third_Party/FatFs/src -I../lib/hal/Middlewares/ST/STM32_USB_Device_Library/Core/Inc -I../lib/hal/Middlewares/ST/STM32_USB_Device_Library/Class/CustomHID/Inc -I../include -O0 -ffunction-sections -fdata-sections -Wall -Werror -mfp16-format=ieee -fstack-usage -MMD -MP -MF"lib/hal/FATFS/Target/sd_diskio.d" -MT"lib/hal/FATFS/Target/sd_diskio.o" --specs=nano.specs -mfpu=fpv5-d16 -mfloat-abi=hard -mthumb -o "lib/hal/FATFS/Target/sd_diskio.o"
arm-none-eabi-gcc "../lib/hal/FATFS/App/fatfs.c" -mcpu=cortex-m7 -std=gnu17 -g3 -DDEBUG -DUSE_HAL_DRIVER -DSTM32H743xx -c -I../lib/hal/Core/Inc -I../lib/libleguan/include -I../lib/hal/Drivers/STM32H7xx_HAL_Driver/Inc -I../lib/hal/Drivers/STM32H7xx_HAL_Driver/Inc/Legacy -I../lib/hal/Drivers/CMSIS/Device/ST/STM32H7xx/Include -I../lib/hal/Drivers/CMSIS/Include -I../lib/hal/FATFS/Target -I../lib/hal/FATFS/App -I../lib/hal/USB_DEVICE/App -I../lib/hal/USB_DEVICE/Target -I../lib/hal/Middlewares/Third_Party/FatFs/src -I../lib/hal/Middlewares/ST/STM32_USB_Device_Library/Core/Inc -I../lib/hal/Middlewares/ST/STM32_USB_Device_Library/Class/CustomHID/Inc -I../include -O0 -ffunction-sections -fdata-sections -Wall -Werror -mfp16-format=ieee -fstack-usage -MMD -MP -MF"lib/hal/FATFS/App/fatfs.d" -MT"lib/hal/FATFS/App/fatfs.o" --specs=nano.specs -mfpu=fpv5-d16 -mfloat-abi=hard -mthumb -o "lib/hal/FATFS/App/fatfs.o"
arm-none-eabi-gcc "../lib/hal/Drivers/STM32H7xx_HAL_Driver/Src/stm32h7xx_hal.c" -mcpu=cortex-m7 -std=gnu17 -g3 -DDEBUG -DUSE_HAL_DRIVER -DSTM32H743xx -c -I../lib/hal/Core/Inc -I../lib/libleguan/include -I../lib/hal/Drivers/STM32H7xx_HAL_Driver/Inc -I../lib/hal/Drivers/STM32H7xx_HAL_Driver/Inc/Legacy -I../lib/hal/Drivers/CMSIS/Device/ST/STM32H7xx/Include -I../lib/hal/Drivers/CMSIS/Include -I../lib/hal/FATFS/Target -I../lib/hal/FATFS/App -I../lib/hal/USB_DEVICE/App -I../lib/hal/USB_DEVICE/Target -I../lib/hal/Middlewares/Third_Party/FatFs/src -I../lib/hal/Middlewares/ST/STM32_USB_Device_Library/Core/Inc -I../lib/hal/Middlewares/ST/STM32_USB_Device_Library/Class/CustomHID/Inc -I../include -O0 -ffunction-sections -fdata-sections -Wall -Werror -mfp16-format=ieee -fstack-usage -MMD -MP -MF"lib/hal/Drivers/STM32H7xx_HAL_Driver/Src/stm32h7xx_hal.d" -MT"lib/hal/Drivers/STM32H7xx_HAL_Driver/Src/stm32h7xx_hal.o" --specs=nano.specs -mfpu=fpv5-d16 -mfloat-abi=hard -mthumb -o "lib/hal/Drivers/STM32H7xx_HAL_Driver/Src/stm32h7xx_hal.o"
arm-none-eabi-gcc "../lib/hal/Drivers/STM32H7xx_HAL_Driver/Src/stm32h7xx_hal_adc.c" -mcpu=cortex-m7 -std=gnu17 -g3 -DDEBUG -DUSE_HAL_DRIVER -DSTM32H743xx -c -I../lib/hal/Core/Inc -I../lib/libleguan/include -I../lib/hal/Drivers/STM32H7xx_HAL_Driver/Inc -I../lib/hal/Drivers/STM32H7xx_HAL_Driver/Inc/Legacy -I../lib/hal/Drivers/CMSIS/Device/ST/STM32H7xx/Include -I../lib/hal/Drivers/CMSIS/Include -I../lib/hal/FATFS/Target -I../lib/hal/FATFS/App -I../lib/hal/USB_DEVICE/App -I../lib/hal/USB_DEVICE/Target -I../lib/hal/Middlewares/Third_Party/FatFs/src -I../lib/hal/Middlewares/ST/STM32_USB_Device_Library/Core/Inc -I../lib/hal/Middlewares/ST/STM32_USB_Device_Library/Class/CustomHID/Inc -I../include -O0 -ffunction-sections -fdata-sections -Wall -Werror -mfp16-format=ieee -fstack-usage -MMD -MP -MF"lib/hal/Drivers/STM32H7xx_HAL_Driver/Src/stm32h7xx_hal_adc.d" -MT"lib/hal/Drivers/STM32H7xx_HAL_Driver/Src/stm32h7xx_hal_adc.o" --specs=nano.specs -mfpu=fpv5-d16 -mfloat-abi=hard -mthumb -o "lib/hal/Drivers/STM32H7xx_HAL_Driver/Src/stm32h7xx_hal_adc.o"
arm-none-eabi-gcc "../lib/hal/Drivers/STM32H7xx_HAL_Driver/Src/stm32h7xx_hal_adc_ex.c" -mcpu=cortex-m7 -std=gnu17 -g3 -DDEBUG -DUSE_HAL_DRIVER -DSTM32H743xx -c -I../lib/hal/Core/Inc -I../lib/libleguan/include -I../lib/hal/Drivers/STM32H7xx_HAL_Driver/Inc -I../lib/hal/Drivers/STM32H7xx_HAL_Driver/Inc/Legacy -I../lib/hal/Drivers/CMSIS/Device/ST/STM32H7xx/Include -I../lib/hal/Drivers/CMSIS/Include -I../lib/hal/FATFS/Target -I../lib/hal/FATFS/App -I../lib/hal/USB_DEVICE/App -I../lib/hal/USB_DEVICE/Target -I../lib/hal/Middlewares/Third_Party/FatFs/src -I../lib/hal/Middlewares/ST/STM32_USB_Device_Library/Core/Inc -I../lib/hal/Middlewares/ST/STM32_USB_Device_Library/Class/CustomHID/Inc -I../include -O0 -ffunction-sections -fdata-sections -Wall -Werror -mfp16-format=ieee -fstack-usage -MMD -MP -MF"lib/hal/Drivers/STM32H7xx_HAL_Driver/Src/stm32h7xx_hal_adc_ex.d" -MT"lib/hal/Drivers/STM32H7xx_HAL_Driver/Src/stm32h7xx_hal_adc_ex.o" --specs=nano.specs -mfpu=fpv5-d16 -mfloat-abi=hard -mthumb -o "lib/hal/Drivers/STM32H7xx_HAL_Driver/Src/stm32h7xx_hal_adc_ex.o"
arm-none-eabi-gcc "../lib/hal/Drivers/STM32H7xx_HAL_Driver/Src/stm32h7xx_hal_cortex.c" -mcpu=cortex-m7 -std=gnu17 -g3 -DDEBUG -DUSE_HAL_DRIVER -DSTM32H743xx -c -I../lib/hal/Core/Inc -I../lib/libleguan/include -I../lib/hal/Drivers/STM32H7xx_HAL_Driver/Inc -I../lib/hal/Drivers/STM32H7xx_HAL_Driver/Inc/Legacy -I../lib/hal/Drivers/CMSIS/Device/ST/STM32H7xx/Include -I../lib/hal/Drivers/CMSIS/Include -I../lib/hal/FATFS/Target -I../lib/hal/FATFS/App -I../lib/hal/USB_DEVICE/App -I../lib/hal/USB_DEVICE/Target -I../lib/hal/Middlewares/Third_Party/FatFs/src -I../lib/hal/Middlewares/ST/STM32_USB_Device_Library/Core/Inc -I../lib/hal/Middlewares/ST/STM32_USB_Device_Library/Class/CustomHID/Inc -I../include -O0 -ffunction-sections -fdata-sections -Wall -Werror -mfp16-format=ieee -fstack-usage -MMD -MP -MF"lib/hal/Drivers/STM32H7xx_HAL_Driver/Src/stm32h7xx_hal_cortex.d" -MT"lib/hal/Drivers/STM32H7xx_HAL_Driver/Src/stm32h7xx_hal_cortex.o" --specs=nano.specs -mfpu=fpv5-d16 -mfloat-abi=hard -mthumb -o "lib/hal/Drivers/STM32H7xx_HAL_Driver/Src/stm32h7xx_hal_cortex.o"
arm-none-eabi-gcc "../lib/hal/Drivers/STM32H7xx_HAL_Driver/Src/stm32h7xx_hal_dac.c" -mcpu=cortex-m7 -std=gnu17 -g3 -DDEBUG -DUSE_HAL_DRIVER -DSTM32H743xx -c -I../lib/hal/Core/Inc -I../lib/libleguan/include -I../lib/hal/Drivers/STM32H7xx_HAL_Driver/Inc -I../lib/hal/Drivers/STM32H7xx_HAL_Driver/Inc/Legacy -I../lib/hal/Drivers/CMSIS/Device/ST/STM32H7xx/Include -I../lib/hal/Drivers/CMSIS/Include -I../lib/hal/FATFS/Target -I../lib/hal/FATFS/App -I../lib/hal/USB_DEVICE/App -I../lib/hal/USB_DEVICE/Target -I../lib/hal/Middlewares/Third_Party/FatFs/src -I../lib/hal/Middlewares/ST/STM32_USB_Device_Library/Core/Inc -I../lib/hal/Middlewares/ST/STM32_USB_Device_Library/Class/CustomHID/Inc -I../include -O0 -ffunction-sections -fdata-sections -Wall -Werror -mfp16-format=ieee -fstack-usage -MMD -MP -MF"lib/hal/Drivers/STM32H7xx_HAL_Driver/Src/stm32h7xx_hal_dac.d" -MT"lib/hal/Drivers/STM32H7xx_HAL_Driver/Src/stm32h7xx_hal_dac.o" --specs=nano.specs -mfpu=fpv5-d16 -mfloat-abi=hard -mthumb -o "lib/hal/Drivers/STM32H7xx_HAL_Driver/Src/stm32h7xx_hal_dac.o"
arm-none-eabi-gcc "../lib/hal/Drivers/STM32H7xx_HAL_Driver/Src/stm32h7xx_hal_dac_ex.c" -mcpu=cortex-m7 -std=gnu17 -g3 -DDEBUG -DUSE_HAL_DRIVER -DSTM32H743xx -c -I../lib/hal/Core/Inc -I../lib/libleguan/include -I../lib/hal/Drivers/STM32H7xx_HAL_Driver/Inc -I../lib/hal/Drivers/STM32H7xx_HAL_Driver/Inc/Legacy -I../lib/hal/Drivers/CMSIS/Device/ST/STM32H7xx/Include -I../lib/hal/Drivers/CMSIS/Include -I../lib/hal/FATFS/Target -I../lib/hal/FATFS/App -I../lib/hal/USB_DEVICE/App -I../lib/hal/USB_DEVICE/Target -I../lib/hal/Middlewares/Third_Party/FatFs/src -I../lib/hal/Middlewares/ST/STM32_USB_Device_Library/Core/Inc -I../lib/hal/Middlewares/ST/STM32_USB_Device_Library/Class/CustomHID/Inc -I../include -O0 -ffunction-sections -fdata-sections -Wall -Werror -mfp16-format=ieee -fstack-usage -MMD -MP -MF"lib/hal/Drivers/STM32H7xx_HAL_Driver/Src/stm32h7xx_hal_dac_ex.d" -MT"lib/hal/Drivers/STM32H7xx_HAL_Driver/Src/stm32h7xx_hal_dac_ex.o" --specs=nano.specs -mfpu=fpv5-d16 -mfloat-abi=hard -mthumb -o "lib/hal/Drivers/STM32H7xx_HAL_Driver/Src/stm32h7xx_hal_dac_ex.o"
arm-none-eabi-gcc "../lib/hal/Drivers/STM32H7xx_HAL_Driver/Src/stm32h7xx_hal_dma.c" -mcpu=cortex-m7 -std=gnu17 -g3 -DDEBUG -DUSE_HAL_DRIVER -DSTM32H743xx -c -I../lib/hal/Core/Inc -I../lib/libleguan/include -I../lib/hal/Drivers/STM32H7xx_HAL_Driver/Inc -I../lib/hal/Drivers/STM32H7xx_HAL_Driver/Inc/Legacy -I../lib/hal/Drivers/CMSIS/Device/ST/STM32H7xx/Include -I../lib/hal/Drivers/CMSIS/Include -I../lib/hal/FATFS/Target -I../lib/hal/FATFS/App -I../lib/hal/USB_DEVICE/App -I../lib/hal/USB_DEVICE/Target -I../lib/hal/Middlewares/Third_Party/FatFs/src -I../lib/hal/Middlewares/ST/STM32_USB_Device_Library/Core/Inc -I../lib/hal/Middlewares/ST/STM32_USB_Device_Library/Class/CustomHID/Inc -I../include -O0 -ffunction-sections -fdata-sections -Wall -Werror -mfp16-format=ieee -fstack-usage -MMD -MP -MF"lib/hal/Drivers/STM32H7xx_HAL_Driver/Src/stm32h7xx_hal_dma.d" -MT"lib/hal/Drivers/STM32H7xx_HAL_Driver/Src/stm32h7xx_hal_dma.o" --specs=nano.specs -mfpu=fpv5-d16 -mfloat-abi=hard -mthumb -o "lib/hal/Drivers/STM32H7xx_HAL_Driver/Src/stm32h7xx_hal_dma.o"
arm-none-eabi-gcc "../lib/hal/Drivers/STM32H7xx_HAL_Driver/Src/stm32h7xx_hal_dma2d.c" -mcpu=cortex-m7 -std=gnu17 -g3 -DDEBUG -DUSE_HAL_DRIVER -DSTM32H743xx -c -I../lib/hal/Core/Inc -I../lib/libleguan/include -I../lib/hal/Drivers/STM32H7xx_HAL_Driver/Inc -I../lib/hal/Drivers/STM32H7xx_HAL_Driver/Inc/Legacy -I../lib/hal/Drivers/CMSIS/Device/ST/STM32H7xx/Include -I../lib/hal/Drivers/CMSIS/Include -I../lib/hal/FATFS/Target -I../lib/hal/FATFS/App -I../lib/hal/USB_DEVICE/App -I../lib/hal/USB_DEVICE/Target -I../lib/hal/Middlewares/Third_Party/FatFs/src -I../lib/hal/Middlewares/ST/STM32_USB_Device_Library/Core/Inc -I../lib/hal/Middlewares/ST/STM32_USB_Device_Library/Class/CustomHID/Inc -I../include -O0 -ffunction-sections -fdata-sections -Wall -Werror -mfp16-format=ieee -fstack-usage -MMD -MP -MF"lib/hal/Drivers/STM32H7xx_HAL_Driver/Src/stm32h7xx_hal_dma2d.d" -MT"lib/hal/Drivers/STM32H7xx_HAL_Driver/Src/stm32h7xx_hal_dma2d.o" --specs=nano.specs -mfpu=fpv5-d16 -mfloat-abi=hard -mthumb -o "lib/hal/Drivers/STM32H7xx_HAL_Driver/Src/stm32h7xx_hal_dma2d.o"
arm-none-eabi-gcc "../lib/hal/Drivers/STM32H7xx_HAL_Driver/Src/stm32h7xx_hal_dma_ex.c" -mcpu=cortex-m7 -std=gnu17 -g3 -DDEBUG -DUSE_HAL_DRIVER -DSTM32H743xx -c -I../lib/hal/Core/Inc -I../lib/libleguan/include -I../lib/hal/Drivers/STM32H7xx_HAL_Driver/Inc -I../lib/hal/Drivers/STM32H7xx_HAL_Driver/Inc/Legacy -I../lib/hal/Drivers/CMSIS/Device/ST/STM32H7xx/Include -I../lib/hal/Drivers/CMSIS/Include -I../lib/hal/FATFS/Target -I../lib/hal/FATFS/App -I../lib/hal/USB_DEVICE/App -I../lib/hal/USB_DEVICE/Target -I../lib/hal/Middlewares/Third_Party/FatFs/src -I../lib/hal/Middlewares/ST/STM32_USB_Device_Library/Core/Inc -I../lib/hal/Middlewares/ST/STM32_USB_Device_Library/Class/CustomHID/Inc -I../include -O0 -ffunction-sections -fdata-sections -Wall -Werror -mfp16-format=ieee -fstack-usage -MMD -MP -MF"lib/hal/Drivers/STM32H7xx_HAL_Driver/Src/stm32h7xx_hal_dma_ex.d" -MT"lib/hal/Drivers/STM32H7xx_HAL_Driver/Src/stm32h7xx_hal_dma_ex.o" --specs=nano.specs -mfpu=fpv5-d16 -mfloat-abi=hard -mthumb -o "lib/hal/Drivers/STM32H7xx_HAL_Driver/Src/stm32h7xx_hal_dma_ex.o"
arm-none-eabi-gcc "../lib/hal/Drivers/STM32H7xx_HAL_Driver/Src/stm32h7xx_hal_exti.c" -mcpu=cortex-m7 -std=gnu17 -g3 -DDEBUG -DUSE_HAL_DRIVER -DSTM32H743xx -c -I../lib/hal/Core/Inc -I../lib/libleguan/include -I../lib/hal/Drivers/STM32H7xx_HAL_Driver/Inc -I../lib/hal/Drivers/STM32H7xx_HAL_Driver/Inc/Legacy -I../lib/hal/Drivers/CMSIS/Device/ST/STM32H7xx/Include -I../lib/hal/Drivers/CMSIS/Include -I../lib/hal/FATFS/Target -I../lib/hal/FATFS/App -I../lib/hal/USB_DEVICE/App -I../lib/hal/USB_DEVICE/Target -I../lib/hal/Middlewares/Third_Party/FatFs/src -I../lib/hal/Middlewares/ST/STM32_USB_Device_Library/Core/Inc -I../lib/hal/Middlewares/ST/STM32_USB_Device_Library/Class/CustomHID/Inc -I../include -O0 -ffunction-sections -fdata-sections -Wall -Werror -mfp16-format=ieee -fstack-usage -MMD -MP -MF"lib/hal/Drivers/STM32H7xx_HAL_Driver/Src/stm32h7xx_hal_exti.d" -MT"lib/hal/Drivers/STM32H7xx_HAL_Driver/Src/stm32h7xx_hal_exti.o" --specs=nano.specs -mfpu=fpv5-d16 -mfloat-abi=hard -mthumb -o "lib/hal/Drivers/STM32H7xx_HAL_Driver/Src/stm32h7xx_hal_exti.o"
arm-none-eabi-gcc "../lib/hal/Drivers/STM32H7xx_HAL_Driver/Src/stm32h7xx_hal_fdcan.c" -mcpu=cortex-m7 -std=gnu17 -g3 -DDEBUG -DUSE_HAL_DRIVER -DSTM32H743xx -c -I../lib/hal/Core/Inc -I../lib/libleguan/include -I../lib/hal/Drivers/STM32H7xx_HAL_Driver/Inc -I../lib/hal/Drivers/STM32H7xx_HAL_Driver/Inc/Legacy -I../lib/hal/Drivers/CMSIS/Device/ST/STM32H7xx/Include -I../lib/hal/Drivers/CMSIS/Include -I../lib/hal/FATFS/Target -I../lib/hal/FATFS/App -I../lib/hal/USB_DEVICE/App -I../lib/hal/USB_DEVICE/Target -I../lib/hal/Middlewares/Third_Party/FatFs/src -I../lib/hal/Middlewares/ST/STM32_USB_Device_Library/Core/Inc -I../lib/hal/Middlewares/ST/STM32_USB_Device_Library/Class/CustomHID/Inc -I../include -O0 -ffunction-sections -fdata-sections -Wall -Werror -mfp16-format=ieee -fstack-usage -MMD -MP -MF"lib/hal/Drivers/STM32H7xx_HAL_Driver/Src/stm32h7xx_hal_fdcan.d" -MT"lib/hal/Drivers/STM32H7xx_HAL_Driver/Src/stm32h7xx_hal_fdcan.o" --specs=nano.specs -mfpu=fpv5-d16 -mfloat-abi=hard -mthumb -o "lib/hal/Drivers/STM32H7xx_HAL_Driver/Src/stm32h7xx_hal_fdcan.o"
arm-none-eabi-gcc "../lib/hal/Drivers/STM32H7xx_HAL_Driver/Src/stm32h7xx_hal_flash.c" -mcpu=cortex-m7 -std=gnu17 -g3 -DDEBUG -DUSE_HAL_DRIVER -DSTM32H743xx -c -I../lib/hal/Core/Inc -I../lib/libleguan/include -I../lib/hal/Drivers/STM32H7xx_HAL_Driver/Inc -I../lib/hal/Drivers/STM32H7xx_HAL_Driver/Inc/Legacy -I../lib/hal/Drivers/CMSIS/Device/ST/STM32H7xx/Include -I../lib/hal/Drivers/CMSIS/Include -I../lib/hal/FATFS/Target -I../lib/hal/FATFS/App -I../lib/hal/USB_DEVICE/App -I../lib/hal/USB_DEVICE/Target -I../lib/hal/Middlewares/Third_Party/FatFs/src -I../lib/hal/Middlewares/ST/STM32_USB_Device_Library/Core/Inc -I../lib/hal/Middlewares/ST/STM32_USB_Device_Library/Class/CustomHID/Inc -I../include -O0 -ffunction-sections -fdata-sections -Wall -Werror -mfp16-format=ieee -fstack-usage -MMD -MP -MF"lib/hal/Drivers/STM32H7xx_HAL_Driver/Src/stm32h7xx_hal_flash.d" -MT"lib/hal/Drivers/STM32H7xx_HAL_Driver/Src/stm32h7xx_hal_flash.o" --specs=nano.specs -mfpu=fpv5-d16 -mfloat-abi=hard -mthumb -o "lib/hal/Drivers/STM32H7xx_HAL_Driver/Src/stm32h7xx_hal_flash.o"
arm-none-eabi-gcc "../lib/hal/Drivers/STM32H7xx_HAL_Driver/Src/stm32h7xx_hal_flash_ex.c" -mcpu=cortex-m7 -std=gnu17 -g3 -DDEBUG -DUSE_HAL_DRIVER -DSTM32H743xx -c -I../lib/hal/Core/Inc -I../lib/libleguan/include -I../lib/hal/Drivers/STM32H7xx_HAL_Driver/Inc -I../lib/hal/Drivers/STM32H7xx_HAL_Driver/Inc/Legacy -I../lib/hal/Drivers/CMSIS/Device/ST/STM32H7xx/Include -I../lib/hal/Drivers/CMSIS/Include -I../lib/hal/FATFS/Target -I../lib/hal/FATFS/App -I../lib/hal/USB_DEVICE/App -I../lib/hal/USB_DEVICE/Target -I../lib/hal/Middlewares/Third_Party/FatFs/src -I../lib/hal/Middlewares/ST/STM32_USB_Device_Library/Core/Inc -I../lib/hal/Middlewares/ST/STM32_USB_Device_Library/Class/CustomHID/Inc -I../include -O0 -ffunction-sections -fdata-sections -Wall -Werror -mfp16-format=ieee -fstack-usage -MMD -MP -MF"lib/hal/Drivers/STM32H7xx_HAL_Driver/Src/stm32h7xx_hal_flash_ex.d" -MT"lib/hal/Drivers/STM32H7xx_HAL_Driver/Src/stm32h7xx_hal_flash_ex.o" --specs=nano.specs -mfpu=fpv5-d16 -mfloat-abi=hard -mthumb -o "lib/hal/Drivers/STM32H7xx_HAL_Driver/Src/stm32h7xx_hal_flash_ex.o"
arm-none-eabi-gcc "../lib/hal/Drivers/STM32H7xx_HAL_Driver/Src/stm32h7xx_hal_gpio.c" -mcpu=cortex-m7 -std=gnu17 -g3 -DDEBUG -DUSE_HAL_DRIVER -DSTM32H743xx -c -I../lib/hal/Core/Inc -I../lib/libleguan/include -I../lib/hal/Drivers/STM32H7xx_HAL_Driver/Inc -I../lib/hal/Drivers/STM32H7xx_HAL_Driver/Inc/Legacy -I../lib/hal/Drivers/CMSIS/Device/ST/STM32H7xx/Include -I../lib/hal/Drivers/CMSIS/Include -I../lib/hal/FATFS/Target -I../lib/hal/FATFS/App -I../lib/hal/USB_DEVICE/App -I../lib/hal/USB_DEVICE/Target -I../lib/hal/Middlewares/Third_Party/FatFs/src -I../lib/hal/Middlewares/ST/STM32_USB_Device_Library/Core/Inc -I../lib/hal/Middlewares/ST/STM32_USB_Device_Library/Class/CustomHID/Inc -I../include -O0 -ffunction-sections -fdata-sections -Wall -Werror -mfp16-format=ieee -fstack-usage -MMD -MP -MF"lib/hal/Drivers/STM32H7xx_HAL_Driver/Src/stm32h7xx_hal_gpio.d" -MT"lib/hal/Drivers/STM32H7xx_HAL_Driver/Src/stm32h7xx_hal_gpio.o" --specs=nano.specs -mfpu=fpv5-d16 -mfloat-abi=hard -mthumb -o "lib/hal/Drivers/STM32H7xx_HAL_Driver/Src/stm32h7xx_hal_gpio.o"
arm-none-eabi-gcc "../lib/hal/Drivers/STM32H7xx_HAL_Driver/Src/stm32h7xx_hal_hsem.c" -mcpu=cortex-m7 -std=gnu17 -g3 -DDEBUG -DUSE_HAL_DRIVER -DSTM32H743xx -c -I../lib/hal/Core/Inc -I../lib/libleguan/include -I../lib/hal/Drivers/STM32H7xx_HAL_Driver/Inc -I../lib/hal/Drivers/STM32H7xx_HAL_Driver/Inc/Legacy -I../lib/hal/Drivers/CMSIS/Device/ST/STM32H7xx/Include -I../lib/hal/Drivers/CMSIS/Include -I../lib/hal/FATFS/Target -I../lib/hal/FATFS/App -I../lib/hal/USB_DEVICE/App -I../lib/hal/USB_DEVICE/Target -I../lib/hal/Middlewares/Third_Party/FatFs/src -I../lib/hal/Middlewares/ST/STM32_USB_Device_Library/Core/Inc -I../lib/hal/Middlewares/ST/STM32_USB_Device_Library/Class/CustomHID/Inc -I../include -O0 -ffunction-sections -fdata-sections -Wall -Werror -mfp16-format=ieee -fstack-usage -MMD -MP -MF"lib/hal/Drivers/STM32H7xx_HAL_Driver/Src/stm32h7xx_hal_hsem.d" -MT"lib/hal/Drivers/STM32H7xx_HAL_Driver/Src/stm32h7xx_hal_hsem.o" --specs=nano.specs -mfpu=fpv5-d16 -mfloat-abi=hard -mthumb -o "lib/hal/Drivers/STM32H7xx_HAL_Driver/Src/stm32h7xx_hal_hsem.o"
arm-none-eabi-gcc "../lib/hal/Drivers/STM32H7xx_HAL_Driver/Src/stm32h7xx_hal_i2c.c" -mcpu=cortex-m7 -std=gnu17 -g3 -DDEBUG -DUSE_HAL_DRIVER -DSTM32H743xx -c -I../lib/hal/Core/Inc -I../lib/libleguan/include -I../lib/hal/Drivers/STM32H7xx_HAL_Driver/Inc -I../lib/hal/Drivers/STM32H7xx_HAL_Driver/Inc/Legacy -I../lib/hal/Drivers/CMSIS/Device/ST/STM32H7xx/Include -I../lib/hal/Drivers/CMSIS/Include -I../lib/hal/FATFS/Target -I../lib/hal/FATFS/App -I../lib/hal/USB_DEVICE/App -I../lib/hal/USB_DEVICE/Target -I../lib/hal/Middlewares/Third_Party/FatFs/src -I../lib/hal/Middlewares/ST/STM32_USB_Device_Library/Core/Inc -I../lib/hal/Middlewares/ST/STM32_USB_Device_Library/Class/CustomHID/Inc -I../include -O0 -ffunction-sections -fdata-sections -Wall -Werror -mfp16-format=ieee -fstack-usage -MMD -MP -MF"lib/hal/Drivers/STM32H7xx_HAL_Driver/Src/stm32h7xx_hal_i2c.d" -MT"lib/hal/Drivers/STM32H7xx_HAL_Driver/Src/stm32h7xx_hal_i2c.o" --specs=nano.specs -mfpu=fpv5-d16 -mfloat-abi=hard -mthumb -o "lib/hal/Drivers/STM32H7xx_HAL_Driver/Src/stm32h7xx_hal_i2c.o"
arm-none-eabi-gcc "../lib/hal/Drivers/STM32H7xx_HAL_Driver/Src/stm32h7xx_hal_i2c_ex.c" -mcpu=cortex-m7 -std=gnu17 -g3 -DDEBUG -DUSE_HAL_DRIVER -DSTM32H743xx -c -I../lib/hal/Core/Inc -I../lib/libleguan/include -I../lib/hal/Drivers/STM32H7xx_HAL_Driver/Inc -I../lib/hal/Drivers/STM32H7xx_HAL_Driver/Inc/Legacy -I../lib/hal/Drivers/CMSIS/Device/ST/STM32H7xx/Include -I../lib/hal/Drivers/CMSIS/Include -I../lib/hal/FATFS/Target -I../lib/hal/FATFS/App -I../lib/hal/USB_DEVICE/App -I../lib/hal/USB_DEVICE/Target -I../lib/hal/Middlewares/Third_Party/FatFs/src -I../lib/hal/Middlewares/ST/STM32_USB_Device_Library/Core/Inc -I../lib/hal/Middlewares/ST/STM32_USB_Device_Library/Class/CustomHID/Inc -I../include -O0 -ffunction-sections -fdata-sections -Wall -Werror -mfp16-format=ieee -fstack-usage -MMD -MP -MF"lib/hal/Drivers/STM32H7xx_HAL_Driver/Src/stm32h7xx_hal_i2c_ex.d" -MT"lib/hal/Drivers/STM32H7xx_HAL_Driver/Src/stm32h7xx_hal_i2c_ex.o" --specs=nano.specs -mfpu=fpv5-d16 -mfloat-abi=hard -mthumb -o "lib/hal/Drivers/STM32H7xx_HAL_Driver/Src/stm32h7xx_hal_i2c_ex.o"
arm-none-eabi-gcc "../lib/hal/Drivers/STM32H7xx_HAL_Driver/Src/stm32h7xx_hal_i2s.c" -mcpu=cortex-m7 -std=gnu17 -g3 -DDEBUG -DUSE_HAL_DRIVER -DSTM32H743xx -c -I../lib/hal/Core/Inc -I../lib/libleguan/include -I../lib/hal/Drivers/STM32H7xx_HAL_Driver/Inc -I../lib/hal/Drivers/STM32H7xx_HAL_Driver/Inc/Legacy -I../lib/hal/Drivers/CMSIS/Device/ST/STM32H7xx/Include -I../lib/hal/Drivers/CMSIS/Include -I../lib/hal/FATFS/Target -I../lib/hal/FATFS/App -I../lib/hal/USB_DEVICE/App -I../lib/hal/USB_DEVICE/Target -I../lib/hal/Middlewares/Third_Party/FatFs/src -I../lib/hal/Middlewares/ST/STM32_USB_Device_Library/Core/Inc -I../lib/hal/Middlewares/ST/STM32_USB_Device_Library/Class/CustomHID/Inc -I../include -O0 -ffunction-sections -fdata-sections -Wall -Werror -mfp16-format=ieee -fstack-usage -MMD -MP -MF"lib/hal/Drivers/STM32H7xx_HAL_Driver/Src/stm32h7xx_hal_i2s.d" -MT"lib/hal/Drivers/STM32H7xx_HAL_Driver/Src/stm32h7xx_hal_i2s.o" --specs=nano.specs -mfpu=fpv5-d16 -mfloat-abi=hard -mthumb -o "lib/hal/Drivers/STM32H7xx_HAL_Driver/Src/stm32h7xx_hal_i2s.o"
arm-none-eabi-gcc "../lib/hal/Drivers/STM32H7xx_HAL_Driver/Src/stm32h7xx_hal_i2s_ex.c" -mcpu=cortex-m7 -std=gnu17 -g3 -DDEBUG -DUSE_HAL_DRIVER -DSTM32H743xx -c -I../lib/hal/Core/Inc -I../lib/libleguan/include -I../lib/hal/Drivers/STM32H7xx_HAL_Driver/Inc -I../lib/hal/Drivers/STM32H7xx_HAL_Driver/Inc/Legacy -I../lib/hal/Drivers/CMSIS/Device/ST/STM32H7xx/Include -I../lib/hal/Drivers/CMSIS/Include -I../lib/hal/FATFS/Target -I../lib/hal/FATFS/App -I../lib/hal/USB_DEVICE/App -I../lib/hal/USB_DEVICE/Target -I../lib/hal/Middlewares/Third_Party/FatFs/src -I../lib/hal/Middlewares/ST/STM32_USB_Device_Library/Core/Inc -I../lib/hal/Middlewares/ST/STM32_USB_Device_Library/Class/CustomHID/Inc -I../include -O0 -ffunction-sections -fdata-sections -Wall -Werror -mfp16-format=ieee -fstack-usage -MMD -MP -MF"lib/hal/Drivers/STM32H7xx_HAL_Driver/Src/stm32h7xx_hal_i2s_ex.d" -MT"lib/hal/Drivers/STM32H7xx_HAL_Driver/Src/stm32h7xx_hal_i2s_ex.o" --specs=nano.specs -mfpu=fpv5-d16 -mfloat-abi=hard -mthumb -o "lib/hal/Drivers/STM32H7xx_HAL_Driver/Src/stm32h7xx_hal_i2s_ex.o"
arm-none-eabi-gcc "../lib/hal/Drivers/STM32H7xx_HAL_Driver/Src/stm32h7xx_hal_mdma.c" -mcpu=cortex-m7 -std=gnu17 -g3 -DDEBUG -DUSE_HAL_DRIVER -DSTM32H743xx -c -I../lib/hal/Core/Inc -I../lib/libleguan/include -I../lib/hal/Drivers/STM32H7xx_HAL_Driver/Inc -I../lib/hal/Drivers/STM32H7xx_HAL_Driver/Inc/Legacy -I../lib/hal/Drivers/CMSIS/Device/ST/STM32H7xx/Include -I../lib/hal/Drivers/CMSIS/Include -I../lib/hal/FATFS/Target -I../lib/hal/FATFS/App -I../lib/hal/USB_DEVICE/App -I../lib/hal/USB_DEVICE/Target -I../lib/hal/Middlewares/Third_Party/FatFs/src -I../lib/hal/Middlewares/ST/STM32_USB_Device_Library/Core/Inc -I../lib/hal/Middlewares/ST/STM32_USB_Device_Library/Class/CustomHID/Inc -I../include -O0 -ffunction-sections -fdata-sections -Wall -Werror -mfp16-format=ieee -fstack-usage -MMD -MP -MF"lib/hal/Drivers/STM32H7xx_HAL_Driver/Src/stm32h7xx_hal_mdma.d" -MT"lib/hal/Drivers/STM32H7xx_HAL_Driver/Src/stm32h7xx_hal_mdma.o" --specs=nano.specs -mfpu=fpv5-d16 -mfloat-abi=hard -mthumb -o "lib/hal/Drivers/STM32H7xx_HAL_Driver/Src/stm32h7xx_hal_mdma.o"
arm-none-eabi-gcc "../lib/hal/Drivers/STM32H7xx_HAL_Driver/Src/stm32h7xx_hal_pcd.c" -mcpu=cortex-m7 -std=gnu17 -g3 -DDEBUG -DUSE_HAL_DRIVER -DSTM32H743xx -c -I../lib/hal/Core/Inc -I../lib/libleguan/include -I../lib/hal/Drivers/STM32H7xx_HAL_Driver/Inc -I../lib/hal/Drivers/STM32H7xx_HAL_Driver/Inc/Legacy -I../lib/hal/Drivers/CMSIS/Device/ST/STM32H7xx/Include -I../lib/hal/Drivers/CMSIS/Include -I../lib/hal/FATFS/Target -I../lib/hal/FATFS/App -I../lib/hal/USB_DEVICE/App -I../lib/hal/USB_DEVICE/Target -I../lib/hal/Middlewares/Third_Party/FatFs/src -I../lib/hal/Middlewares/ST/STM32_USB_Device_Library/Core/Inc -I../lib/hal/Middlewares/ST/STM32_USB_Device_Library/Class/CustomHID/Inc -I../include -O0 -ffunction-sections -fdata-sections -Wall -Werror -mfp16-format=ieee -fstack-usage -MMD -MP -MF"lib/hal/Drivers/STM32H7xx_HAL_Driver/Src/stm32h7xx_hal_pcd.d" -MT"lib/hal/Drivers/STM32H7xx_HAL_Driver/Src/stm32h7xx_hal_pcd.o" --specs=nano.specs -mfpu=fpv5-d16 -mfloat-abi=hard -mthumb -o "lib/hal/Drivers/STM32H7xx_HAL_Driver/Src/stm32h7xx_hal_pcd.o"
arm-none-eabi-gcc "../lib/hal/Drivers/STM32H7xx_HAL_Driver/Src/stm32h7xx_hal_pcd_ex.c" -mcpu=cortex-m7 -std=gnu17 -g3 -DDEBUG -DUSE_HAL_DRIVER -DSTM32H743xx -c -I../lib/hal/Core/Inc -I../lib/libleguan/include -I../lib/hal/Drivers/STM32H7xx_HAL_Driver/Inc -I../lib/hal/Drivers/STM32H7xx_HAL_Driver/Inc/Legacy -I../lib/hal/Drivers/CMSIS/Device/ST/STM32H7xx/Include -I../lib/hal/Drivers/CMSIS/Include -I../lib/hal/FATFS/Target -I../lib/hal/FATFS/App -I../lib/hal/USB_DEVICE/App -I../lib/hal/USB_DEVICE/Target -I../lib/hal/Middlewares/Third_Party/FatFs/src -I../lib/hal/Middlewares/ST/STM32_USB_Device_Library/Core/Inc -I../lib/hal/Middlewares/ST/STM32_USB_Device_Library/Class/CustomHID/Inc -I../include -O0 -ffunction-sections -fdata-sections -Wall -Werror -mfp16-format=ieee -fstack-usage -MMD -MP -MF"lib/hal/Drivers/STM32H7xx_HAL_Driver/Src/stm32h7xx_hal_pcd_ex.d" -MT"lib/hal/Drivers/STM32H7xx_HAL_Driver/Src/stm32h7xx_hal_pcd_ex.o" --specs=nano.specs -mfpu=fpv5-d16 -mfloat-abi=hard -mthumb -o "lib/hal/Drivers/STM32H7xx_HAL_Driver/Src/stm32h7xx_hal_pcd_ex.o"
arm-none-eabi-gcc "../lib/hal/Drivers/STM32H7xx_HAL_Driver/Src/stm32h7xx_hal_pwr.c" -mcpu=cortex-m7 -std=gnu17 -g3 -DDEBUG -DUSE_HAL_DRIVER -DSTM32H743xx -c -I../lib/hal/Core/Inc -I../lib/libleguan/include -I../lib/hal/Drivers/STM32H7xx_HAL_Driver/Inc -I../lib/hal/Drivers/STM32H7xx_HAL_Driver/Inc/Legacy -I../lib/hal/Drivers/CMSIS/Device/ST/STM32H7xx/Include -I../lib/hal/Drivers/CMSIS/Include -I../lib/hal/FATFS/Target -I../lib/hal/FATFS/App -I../lib/hal/USB_DEVICE/App -I../lib/hal/USB_DEVICE/Target -I../lib/hal/Middlewares/Third_Party/FatFs/src -I../lib/hal/Middlewares/ST/STM32_USB_Device_Library/Core/Inc -I../lib/hal/Middlewares/ST/STM32_USB_Device_Library/Class/CustomHID/Inc -I../include -O0 -ffunction-sections -fdata-sections -Wall -Werror -mfp16-format=ieee -fstack-usage -MMD -MP -MF"lib/hal/Drivers/STM32H7xx_HAL_Driver/Src/stm32h7xx_hal_pwr.d" -MT"lib/hal/Drivers/STM32H7xx_HAL_Driver/Src/stm32h7xx_hal_pwr.o" --specs=nano.specs -mfpu=fpv5-d16 -mfloat-abi=hard -mthumb -o "lib/hal/Drivers/STM32H7xx_HAL_Driver/Src/stm32h7xx_hal_pwr.o"
arm-none-eabi-gcc "../lib/hal/Drivers/STM32H7xx_HAL_Driver/Src/stm32h7xx_hal_pwr_ex.c" -mcpu=cortex-m7 -std=gnu17 -g3 -DDEBUG -DUSE_HAL_DRIVER -DSTM32H743xx -c -I../lib/hal/Core/Inc -I../lib/libleguan/include -I../lib/hal/Drivers/STM32H7xx_HAL_Driver/Inc -I../lib/hal/Drivers/STM32H7xx_HAL_Driver/Inc/Legacy -I../lib/hal/Drivers/CMSIS/Device/ST/STM32H7xx/Include -I../lib/hal/Drivers/CMSIS/Include -I../lib/hal/FATFS/Target -I../lib/hal/FATFS/App -I../lib/hal/USB_DEVICE/App -I../lib/hal/USB_DEVICE/Target -I../lib/hal/Middlewares/Third_Party/FatFs/src -I../lib/hal/Middlewares/ST/STM32_USB_Device_Library/Core/Inc -I../lib/hal/Middlewares/ST/STM32_USB_Device_Library/Class/CustomHID/Inc -I../include -O0 -ffunction-sections -fdata-sections -Wall -Werror -mfp16-format=ieee -fstack-usage -MMD -MP -MF"lib/hal/Drivers/STM32H7xx_HAL_Driver/Src/stm32h7xx_hal_pwr_ex.d" -MT"lib/hal/Drivers/STM32H7xx_HAL_Driver/Src/stm32h7xx_hal_pwr_ex.o" --specs=nano.specs -mfpu=fpv5-d16 -mfloat-abi=hard -mthumb -o "lib/hal/Drivers/STM32H7xx_HAL_Driver/Src/stm32h7xx_hal_pwr_ex.o"
arm-none-eabi-gcc "../lib/hal/Drivers/STM32H7xx_HAL_Driver/Src/stm32h7xx_hal_rcc.c" -mcpu=cortex-m7 -std=gnu17 -g3 -DDEBUG -DUSE_HAL_DRIVER -DSTM32H743xx -c -I../lib/hal/Core/Inc -I../lib/libleguan/include -I../lib/hal/Drivers/STM32H7xx_HAL_Driver/Inc -I../lib/hal/Drivers/STM32H7xx_HAL_Driver/Inc/Legacy -I../lib/hal/Drivers/CMSIS/Device/ST/STM32H7xx/Include -I../lib/hal/Drivers/CMSIS/Include -I../lib/hal/FATFS/Target -I../lib/hal/FATFS/App -I../lib/hal/USB_DEVICE/App -I../lib/hal/USB_DEVICE/Target -I../lib/hal/Middlewares/Third_Party/FatFs/src -I../lib/hal/Middlewares/ST/STM32_USB_Device_Library/Core/Inc -I../lib/hal/Middlewares/ST/STM32_USB_Device_Library/Class/CustomHID/Inc -I../include -O0 -ffunction-sections -fdata-sections -Wall -Werror -mfp16-format=ieee -fstack-usage -MMD -MP -MF"lib/hal/Drivers/STM32H7xx_HAL_Driver/Src/stm32h7xx_hal_rcc.d" -MT"lib/hal/Drivers/STM32H7xx_HAL_Driver/Src/stm32h7xx_hal_rcc.o" --specs=nano.specs -mfpu=fpv5-d16 -mfloat-abi=hard -mthumb -o "lib/hal/Drivers/STM32H7xx_HAL_Driver/Src/stm32h7xx_hal_rcc.o"
arm-none-eabi-gcc "../lib/hal/Drivers/STM32H7xx_HAL_Driver/Src/stm32h7xx_hal_rcc_ex.c" -mcpu=cortex-m7 -std=gnu17 -g3 -DDEBUG -DUSE_HAL_DRIVER -DSTM32H743xx -c -I../lib/hal/Core/Inc -I../lib/libleguan/include -I../lib/hal/Drivers/STM32H7xx_HAL_Driver/Inc -I../lib/hal/Drivers/STM32H7xx_HAL_Driver/Inc/Legacy -I../lib/hal/Drivers/CMSIS/Device/ST/STM32H7xx/Include -I../lib/hal/Drivers/CMSIS/Include -I../lib/hal/FATFS/Target -I../lib/hal/FATFS/App -I../lib/hal/USB_DEVICE/App -I../lib/hal/USB_DEVICE/Target -I../lib/hal/Middlewares/Third_Party/FatFs/src -I../lib/hal/Middlewares/ST/STM32_USB_Device_Library/Core/Inc -I../lib/hal/Middlewares/ST/STM32_USB_Device_Library/Class/CustomHID/Inc -I../include -O0 -ffunction-sections -fdata-sections -Wall -Werror -mfp16-format=ieee -fstack-usage -MMD -MP -MF"lib/hal/Drivers/STM32H7xx_HAL_Driver/Src/stm32h7xx_hal_rcc_ex.d" -MT"lib/hal/Drivers/STM32H7xx_HAL_Driver/Src/stm32h7xx_hal_rcc_ex.o" --specs=nano.specs -mfpu=fpv5-d16 -mfloat-abi=hard -mthumb -o "lib/hal/Drivers/STM32H7xx_HAL_Driver/Src/stm32h7xx_hal_rcc_ex.o"
arm-none-eabi-gcc "../lib/hal/Drivers/STM32H7xx_HAL_Driver/Src/stm32h7xx_hal_sd.c" -mcpu=cortex-m7 -std=gnu17 -g3 -DDEBUG -DUSE_HAL_DRIVER -DSTM32H743xx -c -I../lib/hal/Core/Inc -I../lib/libleguan/include -I../lib/hal/Drivers/STM32H7xx_HAL_Driver/Inc -I../lib/hal/Drivers/STM32H7xx_HAL_Driver/Inc/Legacy -I../lib/hal/Drivers/CMSIS/Device/ST/STM32H7xx/Include -I../lib/hal/Drivers/CMSIS/Include -I../lib/hal/FATFS/Target -I../lib/hal/FATFS/App -I../lib/hal/USB_DEVICE/App -I../lib/hal/USB_DEVICE/Target -I../lib/hal/Middlewares/Third_Party/FatFs/src -I../lib/hal/Middlewares/ST/STM32_USB_Device_Library/Core/Inc -I../lib/hal/Middlewares/ST/STM32_USB_Device_Library/Class/CustomHID/Inc -I../include -O0 -ffunction-sections -fdata-sections -Wall -Werror -mfp16-format=ieee -fstack-usage -MMD -MP -MF"lib/hal/Drivers/STM32H7xx_HAL_Driver/Src/stm32h7xx_hal_sd.d" -MT"lib/hal/Drivers/STM32H7xx_HAL_Driver/Src/stm32h7xx_hal_sd.o" --specs=nano.specs -mfpu=fpv5-d16 -mfloat-abi=hard -mthumb -o "lib/hal/Drivers/STM32H7xx_HAL_Driver/Src/stm32h7xx_hal_sd.o"
arm-none-eabi-gcc "../lib/hal/Drivers/STM32H7xx_HAL_Driver/Src/stm32h7xx_hal_sd_ex.c" -mcpu=cortex-m7 -std=gnu17 -g3 -DDEBUG -DUSE_HAL_DRIVER -DSTM32H743xx -c -I../lib/hal/Core/Inc -I../lib/libleguan/include -I../lib/hal/Drivers/STM32H7xx_HAL_Driver/Inc -I../lib/hal/Drivers/STM32H7xx_HAL_Driver/Inc/Legacy -I../lib/hal/Drivers/CMSIS/Device/ST/STM32H7xx/Include -I../lib/hal/Drivers/CMSIS/Include -I../lib/hal/FATFS/Target -I../lib/hal/FATFS/App -I../lib/hal/USB_DEVICE/App -I../lib/hal/USB_DEVICE/Target -I../lib/hal/Middlewares/Third_Party/FatFs/src -I../lib/hal/Middlewares/ST/STM32_USB_Device_Library/Core/Inc -I../lib/hal/Middlewares/ST/STM32_USB_Device_Library/Class/CustomHID/Inc -I../include -O0 -ffunction-sections -fdata-sections -Wall -Werror -mfp16-format=ieee -fstack-usage -MMD -MP -MF"lib/hal/Drivers/STM32H7xx_HAL_Driver/Src/stm32h7xx_hal_sd_ex.d" -MT"lib/hal/Drivers/STM32H7xx_HAL_Driver/Src/stm32h7xx_hal_sd_ex.o" --specs=nano.specs -mfpu=fpv5-d16 -mfloat-abi=hard -mthumb -o "lib/hal/Drivers/STM32H7xx_HAL_Driver/Src/stm32h7xx_hal_sd_ex.o"
arm-none-eabi-gcc "../lib/hal/Drivers/STM32H7xx_HAL_Driver/Src/stm32h7xx_hal_sdram.c" -mcpu=cortex-m7 -std=gnu17 -g3 -DDEBUG -DUSE_HAL_DRIVER -DSTM32H743xx -c -I../lib/hal/Core/Inc -I../lib/libleguan/include -I../lib/hal/Drivers/STM32H7xx_HAL_Driver/Inc -I../lib/hal/Drivers/STM32H7xx_HAL_Driver/Inc/Legacy -I../lib/hal/Drivers/CMSIS/Device/ST/STM32H7xx/Include -I../lib/hal/Drivers/CMSIS/Include -I../lib/hal/FATFS/Target -I../lib/hal/FATFS/App -I../lib/hal/USB_DEVICE/App -I../lib/hal/USB_DEVICE/Target -I../lib/hal/Middlewares/Third_Party/FatFs/src -I../lib/hal/Middlewares/ST/STM32_USB_Device_Library/Core/Inc -I../lib/hal/Middlewares/ST/STM32_USB_Device_Library/Class/CustomHID/Inc -I../include -O0 -ffunction-sections -fdata-sections -Wall -Werror -mfp16-format=ieee -fstack-usage -MMD -MP -MF"lib/hal/Drivers/STM32H7xx_HAL_Driver/Src/stm32h7xx_hal_sdram.d" -MT"lib/hal/Drivers/STM32H7xx_HAL_Driver/Src/stm32h7xx_hal_sdram.o" --specs=nano.specs -mfpu=fpv5-d16 -mfloat-abi=hard -mthumb -o "lib/hal/Drivers/STM32H7xx_HAL_Driver/Src/stm32h7xx_hal_sdram.o"
arm-none-eabi-gcc "../lib/hal/Drivers/STM32H7xx_HAL_Driver/Src/stm32h7xx_hal_spi.c" -mcpu=cortex-m7 -std=gnu17 -g3 -DDEBUG -DUSE_HAL_DRIVER -DSTM32H743xx -c -I../lib/hal/Core/Inc -I../lib/libleguan/include -I../lib/hal/Drivers/STM32H7xx_HAL_Driver/Inc -I../lib/hal/Drivers/STM32H7xx_HAL_Driver/Inc/Legacy -I../lib/hal/Drivers/CMSIS/Device/ST/STM32H7xx/Include -I../lib/hal/Drivers/CMSIS/Include -I../lib/hal/FATFS/Target -I../lib/hal/FATFS/App -I../lib/hal/USB_DEVICE/App -I../lib/hal/USB_DEVICE/Target -I../lib/hal/Middlewares/Third_Party/FatFs/src -I../lib/hal/Middlewares/ST/STM32_USB_Device_Library/Core/Inc -I../lib/hal/Middlewares/ST/STM32_USB_Device_Library/Class/CustomHID/Inc -I../include -O0 -ffunction-sections -fdata-sections -Wall -Werror -mfp16-format=ieee -fstack-usage -MMD -MP -MF"lib/hal/Drivers/STM32H7xx_HAL_Driver/Src/stm32h7xx_hal_spi.d" -MT"lib/hal/Drivers/STM32H7xx_HAL_Driver/Src/stm32h7xx_hal_spi.o" --specs=nano.specs -mfpu=fpv5-d16 -mfloat-abi=hard -mthumb -o "lib/hal/Drivers/STM32H7xx_HAL_Driver/Src/stm32h7xx_hal_spi.o"
arm-none-eabi-gcc "../lib/hal/Drivers/STM32H7xx_HAL_Driver/Src/stm32h7xx_hal_spi_ex.c" -mcpu=cortex-m7 -std=gnu17 -g3 -DDEBUG -DUSE_HAL_DRIVER -DSTM32H743xx -c -I../lib/hal/Core/Inc -I../lib/libleguan/include -I../lib/hal/Drivers/STM32H7xx_HAL_Driver/Inc -I../lib/hal/Drivers/STM32H7xx_HAL_Driver/Inc/Legacy -I../lib/hal/Drivers/CMSIS/Device/ST/STM32H7xx/Include -I../lib/hal/Drivers/CMSIS/Include -I../lib/hal/FATFS/Target -I../lib/hal/FATFS/App -I../lib/hal/USB_DEVICE/App -I../lib/hal/USB_DEVICE/Target -I../lib/hal/Middlewares/Third_Party/FatFs/src -I../lib/hal/Middlewares/ST/STM32_USB_Device_Library/Core/Inc -I../lib/hal/Middlewares/ST/STM32_USB_Device_Library/Class/CustomHID/Inc -I../include -O0 -ffunction-sections -fdata-sections -Wall -Werror -mfp16-format=ieee -fstack-usage -MMD -MP -MF"lib/hal/Drivers/STM32H7xx_HAL_Driver/Src/stm32h7xx_hal_spi_ex.d" -MT"lib/hal/Drivers/STM32H7xx_HAL_Driver/Src/stm32h7xx_hal_spi_ex.o" --specs=nano.specs -mfpu=fpv5-d16 -mfloat-abi=hard -mthumb -o "lib/hal/Drivers/STM32H7xx_HAL_Driver/Src/stm32h7xx_hal_spi_ex.o"
arm-none-eabi-gcc "../lib/hal/Drivers/STM32H7xx_HAL_Driver/Src/stm32h7xx_hal_sram.c" -mcpu=cortex-m7 -std=gnu17 -g3 -DDEBUG -DUSE_HAL_DRIVER -DSTM32H743xx -c -I../lib/hal/Core/Inc -I../lib/libleguan/include -I../lib/hal/Drivers/STM32H7xx_HAL_Driver/Inc -I../lib/hal/Drivers/STM32H7xx_HAL_Driver/Inc/Legacy -I../lib/hal/Drivers/CMSIS/Device/ST/STM32H7xx/Include -I../lib/hal/Drivers/CMSIS/Include -I../lib/hal/FATFS/Target -I../lib/hal/FATFS/App -I../lib/hal/USB_DEVICE/App -I../lib/hal/USB_DEVICE/Target -I../lib/hal/Middlewares/Third_Party/FatFs/src -I../lib/hal/Middlewares/ST/STM32_USB_Device_Library/Core/Inc -I../lib/hal/Middlewares/ST/STM32_USB_Device_Library/Class/CustomHID/Inc -I../include -O0 -ffunction-sections -fdata-sections -Wall -Werror -mfp16-format=ieee -fstack-usage -MMD -MP -MF"lib/hal/Drivers/STM32H7xx_HAL_Driver/Src/stm32h7xx_hal_sram.d" -MT"lib/hal/Drivers/STM32H7xx_HAL_Driver/Src/stm32h7xx_hal_sram.o" --specs=nano.specs -mfpu=fpv5-d16 -mfloat-abi=hard -mthumb -o "lib/hal/Drivers/STM32H7xx_HAL_Driver/Src/stm32h7xx_hal_sram.o"
arm-none-eabi-gcc "../lib/hal/Drivers/STM32H7xx_HAL_Driver/Src/stm32h7xx_hal_tim.c" -mcpu=cortex-m7 -std=gnu17 -g3 -DDEBUG -DUSE_HAL_DRIVER -DSTM32H743xx -c -I../lib/hal/Core/Inc -I../lib/libleguan/include -I../lib/hal/Drivers/STM32H7xx_HAL_Driver/Inc -I../lib/hal/Drivers/STM32H7xx_HAL_Driver/Inc/Legacy -I../lib/hal/Drivers/CMSIS/Device/ST/STM32H7xx/Include -I../lib/hal/Drivers/CMSIS/Include -I../lib/hal/FATFS/Target -I../lib/hal/FATFS/App -I../lib/hal/USB_DEVICE/App -I../lib/hal/USB_DEVICE/Target -I../lib/hal/Middlewares/Third_Party/FatFs/src -I../lib/hal/Middlewares/ST/STM32_USB_Device_Library/Core/Inc -I../lib/hal/Middlewares/ST/STM32_USB_Device_Library/Class/CustomHID/Inc -I../include -O0 -ffunction-sections -fdata-sections -Wall -Werror -mfp16-format=ieee -fstack-usage -MMD -MP -MF"lib/hal/Drivers/STM32H7xx_HAL_Driver/Src/stm32h7xx_hal_tim.d" -MT"lib/hal/Drivers/STM32H7xx_HAL_Driver/Src/stm32h7xx_hal_tim.o" --specs=nano.specs -mfpu=fpv5-d16 -mfloat-abi=hard -mthumb -o "lib/hal/Drivers/STM32H7xx_HAL_Driver/Src/stm32h7xx_hal_tim.o"
arm-none-eabi-gcc "../lib/hal/Drivers/STM32H7xx_HAL_Driver/Src/stm32h7xx_hal_tim_ex.c" -mcpu=cortex-m7 -std=gnu17 -g3 -DDEBUG -DUSE_HAL_DRIVER -DSTM32H743xx -c -I../lib/hal/Core/Inc -I../lib/libleguan/include -I../lib/hal/Drivers/STM32H7xx_HAL_Driver/Inc -I../lib/hal/Drivers/STM32H7xx_HAL_Driver/Inc/Legacy -I../lib/hal/Drivers/CMSIS/Device/ST/STM32H7xx/Include -I../lib/hal/Drivers/CMSIS/Include -I../lib/hal/FATFS/Target -I../lib/hal/FATFS/App -I../lib/hal/USB_DEVICE/App -I../lib/hal/USB_DEVICE/Target -I../lib/hal/Middlewares/Third_Party/FatFs/src -I../lib/hal/Middlewares/ST/STM32_USB_Device_Library/Core/Inc -I../lib/hal/Middlewares/ST/STM32_USB_Device_Library/Class/CustomHID/Inc -I../include -O0 -ffunction-sections -fdata-sections -Wall -Werror -mfp16-format=ieee -fstack-usage -MMD -MP -MF"lib/hal/Drivers/STM32H7xx_HAL_Driver/Src/stm32h7xx_hal_tim_ex.d" -MT"lib/hal/Drivers/STM32H7xx_HAL_Driver/Src/stm32h7xx_hal_tim_ex.o" --specs=nano.specs -mfpu=fpv5-d16 -mfloat-abi=hard -mthumb -o "lib/hal/Drivers/STM32H7xx_HAL_Driver/Src/stm32h7xx_hal_tim_ex.o"
arm-none-eabi-gcc "../lib/hal/Drivers/STM32H7xx_HAL_Driver/Src/stm32h7xx_hal_uart.c" -mcpu=cortex-m7 -std=gnu17 -g3 -DDEBUG -DUSE_HAL_DRIVER -DSTM32H743xx -c -I../lib/hal/Core/Inc -I../lib/libleguan/include -I../lib/hal/Drivers/STM32H7xx_HAL_Driver/Inc -I../lib/hal/Drivers/STM32H7xx_HAL_Driver/Inc/Legacy -I../lib/hal/Drivers/CMSIS/Device/ST/STM32H7xx/Include -I../lib/hal/Drivers/CMSIS/Include -I../lib/hal/FATFS/Target -I../lib/hal/FATFS/App -I../lib/hal/USB_DEVICE/App -I../lib/hal/USB_DEVICE/Target -I../lib/hal/Middlewares/Third_Party/FatFs/src -I../lib/hal/Middlewares/ST/STM32_USB_Device_Library/Core/Inc -I../lib/hal/Middlewares/ST/STM32_USB_Device_Library/Class/CustomHID/Inc -I../include -O0 -ffunction-sections -fdata-sections -Wall -Werror -mfp16-format=ieee -fstack-usage -MMD -MP -MF"lib/hal/Drivers/STM32H7xx_HAL_Driver/Src/stm32h7xx_hal_uart.d" -MT"lib/hal/Drivers/STM32H7xx_HAL_Driver/Src/stm32h7xx_hal_uart.o" --specs=nano.specs -mfpu=fpv5-d16 -mfloat-abi=hard -mthumb -o "lib/hal/Drivers/STM32H7xx_HAL_Driver/Src/stm32h7xx_hal_uart.o"
arm-none-eabi-gcc "../lib/hal/Drivers/STM32H7xx_HAL_Driver/Src/stm32h7xx_hal_uart_ex.c" -mcpu=cortex-m7 -std=gnu17 -g3 -DDEBUG -DUSE_HAL_DRIVER -DSTM32H743xx -c -I../lib/hal/Core/Inc -I../lib/libleguan/include -I../lib/hal/Drivers/STM32H7xx_HAL_Driver/Inc -I../lib/hal/Drivers/STM32H7xx_HAL_Driver/Inc/Legacy -I../lib/hal/Drivers/CMSIS/Device/ST/STM32H7xx/Include -I../lib/hal/Drivers/CMSIS/Include -I../lib/hal/FATFS/Target -I../lib/hal/FATFS/App -I../lib/hal/USB_DEVICE/App -I../lib/hal/USB_DEVICE/Target -I../lib/hal/Middlewares/Third_Party/FatFs/src -I../lib/hal/Middlewares/ST/STM32_USB_Device_Library/Core/Inc -I../lib/hal/Middlewares/ST/STM32_USB_Device_Library/Class/CustomHID/Inc -I../include -O0 -ffunction-sections -fdata-sections -Wall -Werror -mfp16-format=ieee -fstack-usage -MMD -MP -MF"lib/hal/Drivers/STM32H7xx_HAL_Driver/Src/stm32h7xx_hal_uart_ex.d" -MT"lib/hal/Drivers/STM32H7xx_HAL_Driver/Src/stm32h7xx_hal_uart_ex.o" --specs=nano.specs -mfpu=fpv5-d16 -mfloat-abi=hard -mthumb -o "lib/hal/Drivers/STM32H7xx_HAL_Driver/Src/stm32h7xx_hal_uart_ex.o"
arm-none-eabi-gcc "../lib/hal/Drivers/STM32H7xx_HAL_Driver/Src/stm32h7xx_ll_delayblock.c" -mcpu=cortex-m7 -std=gnu17 -g3 -DDEBUG -DUSE_HAL_DRIVER -DSTM32H743xx -c -I../lib/hal/Core/Inc -I../lib/libleguan/include -I../lib/hal/Drivers/STM32H7xx_HAL_Driver/Inc -I../lib/hal/Drivers/STM32H7xx_HAL_Driver/Inc/Legacy -I../lib/hal/Drivers/CMSIS/Device/ST/STM32H7xx/Include -I../lib/hal/Drivers/CMSIS/Include -I../lib/hal/FATFS/Target -I../lib/hal/FATFS/App -I../lib/hal/USB_DEVICE/App -I../lib/hal/USB_DEVICE/Target -I../lib/hal/Middlewares/Third_Party/FatFs/src -I../lib/hal/Middlewares/ST/STM32_USB_Device_Library/Core/Inc -I../lib/hal/Middlewares/ST/STM32_USB_Device_Library/Class/CustomHID/Inc -I../include -O0 -ffunction-sections -fdata-sections -Wall -Werror -mfp16-format=ieee -fstack-usage -MMD -MP -MF"lib/hal/Drivers/STM32H7xx_HAL_Driver/Src/stm32h7xx_ll_delayblock.d" -MT"lib/hal/Drivers/STM32H7xx_HAL_Driver/Src/stm32h7xx_ll_delayblock.o" --specs=nano.specs -mfpu=fpv5-d16 -mfloat-abi=hard -mthumb -o "lib/hal/Drivers/STM32H7xx_HAL_Driver/Src/stm32h7xx_ll_delayblock.o"
arm-none-eabi-gcc "../lib/hal/Drivers/STM32H7xx_HAL_Driver/Src/stm32h7xx_ll_fmc.c" -mcpu=cortex-m7 -std=gnu17 -g3 -DDEBUG -DUSE_HAL_DRIVER -DSTM32H743xx -c -I../lib/hal/Core/Inc -I../lib/libleguan/include -I../lib/hal/Drivers/STM32H7xx_HAL_Driver/Inc -I../lib/hal/Drivers/STM32H7xx_HAL_Driver/Inc/Legacy -I../lib/hal/Drivers/CMSIS/Device/ST/STM32H7xx/Include -I../lib/hal/Drivers/CMSIS/Include -I../lib/hal/FATFS/Target -I../lib/hal/FATFS/App -I../lib/hal/USB_DEVICE/App -I../lib/hal/USB_DEVICE/Target -I../lib/hal/Middlewares/Third_Party/FatFs/src -I../lib/hal/Middlewares/ST/STM32_USB_Device_Library/Core/Inc -I../lib/hal/Middlewares/ST/STM32_USB_Device_Library/Class/CustomHID/Inc -I../include -O0 -ffunction-sections -fdata-sections -Wall -Werror -mfp16-format=ieee -fstack-usage -MMD -MP -MF"lib/hal/Drivers/STM32H7xx_HAL_Driver/Src/stm32h7xx_ll_fmc.d" -MT"lib/hal/Drivers/STM32H7xx_HAL_Driver/Src/stm32h7xx_ll_fmc.o" --specs=nano.specs -mfpu=fpv5-d16 -mfloat-abi=hard -mthumb -o "lib/hal/Drivers/STM32H7xx_HAL_Driver/Src/stm32h7xx_ll_fmc.o"
arm-none-eabi-gcc "../lib/hal/Drivers/STM32H7xx_HAL_Driver/Src/stm32h7xx_ll_sdmmc.c" -mcpu=cortex-m7 -std=gnu17 -g3 -DDEBUG -DUSE_HAL_DRIVER -DSTM32H743xx -c -I../lib/hal/Core/Inc -I../lib/libleguan/include -I../lib/hal/Drivers/STM32H7xx_HAL_Driver/Inc -I../lib/hal/Drivers/STM32H7xx_HAL_Driver/Inc/Legacy -I../lib/hal/Drivers/CMSIS/Device/ST/STM32H7xx/Include -I../lib/hal/Drivers/CMSIS/Include -I../lib/hal/FATFS/Target -I../lib/hal/FATFS/App -I../lib/hal/USB_DEVICE/App -I../lib/hal/USB_DEVICE/Target -I../lib/hal/Middlewares/Third_Party/FatFs/src -I../lib/hal/Middlewares/ST/STM32_USB_Device_Library/Core/Inc -I../lib/hal/Middlewares/ST/STM32_USB_Device_Library/Class/CustomHID/Inc -I../include -O0 -ffunction-sections -fdata-sections -Wall -Werror -mfp16-format=ieee -fstack-usage -MMD -MP -MF"lib/hal/Drivers/STM32H7xx_HAL_Driver/Src/stm32h7xx_ll_sdmmc.d" -MT"lib/hal/Drivers/STM32H7xx_HAL_Driver/Src/stm32h7xx_ll_sdmmc.o" --specs=nano.specs -mfpu=fpv5-d16 -mfloat-abi=hard -mthumb -o "lib/hal/Drivers/STM32H7xx_HAL_Driver/Src/stm32h7xx_ll_sdmmc.o"
arm-none-eabi-gcc "../lib/hal/Drivers/STM32H7xx_HAL_Driver/Src/stm32h7xx_ll_usb.c" -mcpu=cortex-m7 -std=gnu17 -g3 -DDEBUG -DUSE_HAL_DRIVER -DSTM32H743xx -c -I../lib/hal/Core/Inc -I../lib/libleguan/include -I../lib/hal/Drivers/STM32H7xx_HAL_Driver/Inc -I../lib/hal/Drivers/STM32H7xx_HAL_Driver/Inc/Legacy -I../lib/hal/Drivers/CMSIS/Device/ST/STM32H7xx/Include -I../lib/hal/Drivers/CMSIS/Include -I../lib/hal/FATFS/Target -I../lib/hal/FATFS/App -I../lib/hal/USB_DEVICE/App -I../lib/hal/USB_DEVICE/Target -I../lib/hal/Middlewares/Third_Party/FatFs/src -I../lib/hal/Middlewares/ST/STM32_USB_Device_Library/Core/Inc -I../lib/hal/Middlewares/ST/STM32_USB_Device_Library/Class/CustomHID/Inc -I../include -O0 -ffunction-sections -fdata-sections -Wall -Werror -mfp16-format=ieee -fstack-usage -MMD -MP -MF"lib/hal/Drivers/STM32H7xx_HAL_Driver/Src/stm32h7xx_ll_usb.d" -MT"lib/hal/Drivers/STM32H7xx_HAL_Driver/Src/stm32h7xx_ll_usb.o" --specs=nano.specs -mfpu=fpv5-d16 -mfloat-abi=hard -mthumb -o "lib/hal/Drivers/STM32H7xx_HAL_Driver/Src/stm32h7xx_ll_usb.o"
arm-none-eabi-gcc -mcpu=cortex-m7 -g3 -DDEBUG -c -mfp16-format=ieee -x assembler-with-cpp -MMD -MP -MF"lib/hal/Core/Startup/startup_stm32h743zitx.d" -MT"lib/hal/Core/Startup/startup_stm32h743zitx.o" --specs=nano.specs -mfpu=fpv5-d16 -mfloat-abi=hard -mthumb -o "lib/hal/Core/Startup/startup_stm32h743zitx.o" "../lib/hal/Core/Startup/startup_stm32h743zitx.s"
arm-none-eabi-gcc "../lib/hal/Core/Src/adc.c" -mcpu=cortex-m7 -std=gnu17 -g3 -DDEBUG -DUSE_HAL_DRIVER -DSTM32H743xx -c -I../lib/hal/Core/Inc -I../lib/libleguan/include -I../lib/hal/Drivers/STM32H7xx_HAL_Driver/Inc -I../lib/hal/Drivers/STM32H7xx_HAL_Driver/Inc/Legacy -I../lib/hal/Drivers/CMSIS/Device/ST/STM32H7xx/Include -I../lib/hal/Drivers/CMSIS/Include -I../lib/hal/FATFS/Target -I../lib/hal/FATFS/App -I../lib/hal/USB_DEVICE/App -I../lib/hal/USB_DEVICE/Target -I../lib/hal/Middlewares/Third_Party/FatFs/src -I../lib/hal/Middlewares/ST/STM32_USB_Device_Library/Core/Inc -I../lib/hal/Middlewares/ST/STM32_USB_Device_Library/Class/CustomHID/Inc -I../include -O0 -ffunction-sections -fdata-sections -Wall -Werror -mfp16-format=ieee -fstack-usage -MMD -MP -MF"lib/hal/Core/Src/adc.d" -MT"lib/hal/Core/Src/adc.o" --specs=nano.specs -mfpu=fpv5-d16 -mfloat-abi=hard -mthumb -o "lib/hal/Core/Src/adc.o"
arm-none-eabi-gcc "../lib/hal/Core/Src/cube.c" -mcpu=cortex-m7 -std=gnu17 -g3 -DDEBUG -DUSE_HAL_DRIVER -DSTM32H743xx -c -I../lib/hal/Core/Inc -I../lib/libleguan/include -I../lib/hal/Drivers/STM32H7xx_HAL_Driver/Inc -I../lib/hal/Drivers/STM32H7xx_HAL_Driver/Inc/Legacy -I../lib/hal/Drivers/CMSIS/Device/ST/STM32H7xx/Include -I../lib/hal/Drivers/CMSIS/Include -I../lib/hal/FATFS/Target -I../lib/hal/FATFS/App -I../lib/hal/USB_DEVICE/App -I../lib/hal/USB_DEVICE/Target -I../lib/hal/Middlewares/Third_Party/FatFs/src -I../lib/hal/Middlewares/ST/STM32_USB_Device_Library/Core/Inc -I../lib/hal/Middlewares/ST/STM32_USB_Device_Library/Class/CustomHID/Inc -I../include -O0 -ffunction-sections -fdata-sections -Wall -Werror -mfp16-format=ieee -fstack-usage -MMD -MP -MF"lib/hal/Core/Src/cube.d" -MT"lib/hal/Core/Src/cube.o" --specs=nano.specs -mfpu=fpv5-d16 -mfloat-abi=hard -mthumb -o "lib/hal/Core/Src/cube.o"
arm-none-eabi-gcc "../lib/hal/Core/Src/dac.c" -mcpu=cortex-m7 -std=gnu17 -g3 -DDEBUG -DUSE_HAL_DRIVER -DSTM32H743xx -c -I../lib/hal/Core/Inc -I../lib/libleguan/include -I../lib/hal/Drivers/STM32H7xx_HAL_Driver/Inc -I../lib/hal/Drivers/STM32H7xx_HAL_Driver/Inc/Legacy -I../lib/hal/Drivers/CMSIS/Device/ST/STM32H7xx/Include -I../lib/hal/Drivers/CMSIS/Include -I../lib/hal/FATFS/Target -I../lib/hal/FATFS/App -I../lib/hal/USB_DEVICE/App -I../lib/hal/USB_DEVICE/Target -I../lib/hal/Middlewares/Third_Party/FatFs/src -I../lib/hal/Middlewares/ST/STM32_USB_Device_Library/Core/Inc -I../lib/hal/Middlewares/ST/STM32_USB_Device_Library/Class/CustomHID/Inc -I../include -O0 -ffunction-sections -fdata-sections -Wall -Werror -mfp16-format=ieee -fstack-usage -MMD -MP -MF"lib/hal/Core/Src/dac.d" -MT"lib/hal/Core/Src/dac.o" --specs=nano.specs -mfpu=fpv5-d16 -mfloat-abi=hard -mthumb -o "lib/hal/Core/Src/dac.o"
arm-none-eabi-gcc "../lib/hal/Core/Src/dma2d.c" -mcpu=cortex-m7 -std=gnu17 -g3 -DDEBUG -DUSE_HAL_DRIVER -DSTM32H743xx -c -I../lib/hal/Core/Inc -I../lib/libleguan/include -I../lib/hal/Drivers/STM32H7xx_HAL_Driver/Inc -I../lib/hal/Drivers/STM32H7xx_HAL_Driver/Inc/Legacy -I../lib/hal/Drivers/CMSIS/Device/ST/STM32H7xx/Include -I../lib/hal/Drivers/CMSIS/Include -I../lib/hal/FATFS/Target -I../lib/hal/FATFS/App -I../lib/hal/USB_DEVICE/App -I../lib/hal/USB_DEVICE/Target -I../lib/hal/Middlewares/Third_Party/FatFs/src -I../lib/hal/Middlewares/ST/STM32_USB_Device_Library/Core/Inc -I../lib/hal/Middlewares/ST/STM32_USB_Device_Library/Class/CustomHID/Inc -I../include -O0 -ffunction-sections -fdata-sections -Wall -Werror -mfp16-format=ieee -fstack-usage -MMD -MP -MF"lib/hal/Core/Src/dma2d.d" -MT"lib/hal/Core/Src/dma2d.o" --specs=nano.specs -mfpu=fpv5-d16 -mfloat-abi=hard -mthumb -o "lib/hal/Core/Src/dma2d.o"
arm-none-eabi-gcc "../lib/hal/Core/Src/fdcan.c" -mcpu=cortex-m7 -std=gnu17 -g3 -DDEBUG -DUSE_HAL_DRIVER -DSTM32H743xx -c -I../lib/hal/Core/Inc -I../lib/libleguan/include -I../lib/hal/Drivers/STM32H7xx_HAL_Driver/Inc -I../lib/hal/Drivers/STM32H7xx_HAL_Driver/Inc/Legacy -I../lib/hal/Drivers/CMSIS/Device/ST/STM32H7xx/Include -I../lib/hal/Drivers/CMSIS/Include -I../lib/hal/FATFS/Target -I../lib/hal/FATFS/App -I../lib/hal/USB_DEVICE/App -I../lib/hal/USB_DEVICE/Target -I../lib/hal/Middlewares/Third_Party/FatFs/src -I../lib/hal/Middlewares/ST/STM32_USB_Device_Library/Core/Inc -I../lib/hal/Middlewares/ST/STM32_USB_Device_Library/Class/CustomHID/Inc -I../include -O0 -ffunction-sections -fdata-sections -Wall -Werror -mfp16-format=ieee -fstack-usage -MMD -MP -MF"lib/hal/Core/Src/fdcan.d" -MT"lib/hal/Core/Src/fdcan.o" --specs=nano.specs -mfpu=fpv5-d16 -mfloat-abi=hard -mthumb -o "lib/hal/Core/Src/fdcan.o"
arm-none-eabi-gcc "../lib/hal/Core/Src/fmc.c" -mcpu=cortex-m7 -std=gnu17 -g3 -DDEBUG -DUSE_HAL_DRIVER -DSTM32H743xx -c -I../lib/hal/Core/Inc -I../lib/libleguan/include -I../lib/hal/Drivers/STM32H7xx_HAL_Driver/Inc -I../lib/hal/Drivers/STM32H7xx_HAL_Driver/Inc/Legacy -I../lib/hal/Drivers/CMSIS/Device/ST/STM32H7xx/Include -I../lib/hal/Drivers/CMSIS/Include -I../lib/hal/FATFS/Target -I../lib/hal/FATFS/App -I../lib/hal/USB_DEVICE/App -I../lib/hal/USB_DEVICE/Target -I../lib/hal/Middlewares/Third_Party/FatFs/src -I../lib/hal/Middlewares/ST/STM32_USB_Device_Library/Core/Inc -I../lib/hal/Middlewares/ST/STM32_USB_Device_Library/Class/CustomHID/Inc -I../include -O0 -ffunction-sections -fdata-sections -Wall -Werror -mfp16-format=ieee -fstack-usage -MMD -MP -MF"lib/hal/Core/Src/fmc.d" -MT"lib/hal/Core/Src/fmc.o" --specs=nano.specs -mfpu=fpv5-d16 -mfloat-abi=hard -mthumb -o "lib/hal/Core/Src/fmc.o"
arm-none-eabi-gcc "../lib/hal/Core/Src/gpio.c" -mcpu=cortex-m7 -std=gnu17 -g3 -DDEBUG -DUSE_HAL_DRIVER -DSTM32H743xx -c -I../lib/hal/Core/Inc -I../lib/libleguan/include -I../lib/hal/Drivers/STM32H7xx_HAL_Driver/Inc -I../lib/hal/Drivers/STM32H7xx_HAL_Driver/Inc/Legacy -I../lib/hal/Drivers/CMSIS/Device/ST/STM32H7xx/Include -I../lib/hal/Drivers/CMSIS/Include -I../lib/hal/FATFS/Target -I../lib/hal/FATFS/App -I../lib/hal/USB_DEVICE/App -I../lib/hal/USB_DEVICE/Target -I../lib/hal/Middlewares/Third_Party/FatFs/src -I../lib/hal/Middlewares/ST/STM32_USB_Device_Library/Core/Inc -I../lib/hal/Middlewares/ST/STM32_USB_Device_Library/Class/CustomHID/Inc -I../include -O0 -ffunction-sections -fdata-sections -Wall -Werror -mfp16-format=ieee -fstack-usage -MMD -MP -MF"lib/hal/Core/Src/gpio.d" -MT"lib/hal/Core/Src/gpio.o" --specs=nano.specs -mfpu=fpv5-d16 -mfloat-abi=hard -mthumb -o "lib/hal/Core/Src/gpio.o"
arm-none-eabi-gcc "../lib/hal/Core/Src/i2c.c" -mcpu=cortex-m7 -std=gnu17 -g3 -DDEBUG -DUSE_HAL_DRIVER -DSTM32H743xx -c -I../lib/hal/Core/Inc -I../lib/libleguan/include -I../lib/hal/Drivers/STM32H7xx_HAL_Driver/Inc -I../lib/hal/Drivers/STM32H7xx_HAL_Driver/Inc/Legacy -I../lib/hal/Drivers/CMSIS/Device/ST/STM32H7xx/Include -I../lib/hal/Drivers/CMSIS/Include -I../lib/hal/FATFS/Target -I../lib/hal/FATFS/App -I../lib/hal/USB_DEVICE/App -I../lib/hal/USB_DEVICE/Target -I../lib/hal/Middlewares/Third_Party/FatFs/src -I../lib/hal/Middlewares/ST/STM32_USB_Device_Library/Core/Inc -I../lib/hal/Middlewares/ST/STM32_USB_Device_Library/Class/CustomHID/Inc -I../include -O0 -ffunction-sections -fdata-sections -Wall -Werror -mfp16-format=ieee -fstack-usage -MMD -MP -MF"lib/hal/Core/Src/i2c.d" -MT"lib/hal/Core/Src/i2c.o" --specs=nano.specs -mfpu=fpv5-d16 -mfloat-abi=hard -mthumb -o "lib/hal/Core/Src/i2c.o"
arm-none-eabi-gcc "../lib/hal/Core/Src/i2s.c" -mcpu=cortex-m7 -std=gnu17 -g3 -DDEBUG -DUSE_HAL_DRIVER -DSTM32H743xx -c -I../lib/hal/Core/Inc -I../lib/libleguan/include -I../lib/hal/Drivers/STM32H7xx_HAL_Driver/Inc -I../lib/hal/Drivers/STM32H7xx_HAL_Driver/Inc/Legacy -I../lib/hal/Drivers/CMSIS/Device/ST/STM32H7xx/Include -I../lib/hal/Drivers/CMSIS/Include -I../lib/hal/FATFS/Target -I../lib/hal/FATFS/App -I../lib/hal/USB_DEVICE/App -I../lib/hal/USB_DEVICE/Target -I../lib/hal/Middlewares/Third_Party/FatFs/src -I../lib/hal/Middlewares/ST/STM32_USB_Device_Library/Core/Inc -I../lib/hal/Middlewares/ST/STM32_USB_Device_Library/Class/CustomHID/Inc -I../include -O0 -ffunction-sections -fdata-sections -Wall -Werror -mfp16-format=ieee -fstack-usage -MMD -MP -MF"lib/hal/Core/Src/i2s.d" -MT"lib/hal/Core/Src/i2s.o" --specs=nano.specs -mfpu=fpv5-d16 -mfloat-abi=hard -mthumb -o "lib/hal/Core/Src/i2s.o"
arm-none-eabi-gcc "../lib/hal/Core/Src/main.c" -mcpu=cortex-m7 -std=gnu17 -g3 -DDEBUG -DUSE_HAL_DRIVER -DSTM32H743xx -c -I../lib/hal/Core/Inc -I../lib/libleguan/include -I../lib/hal/Drivers/STM32H7xx_HAL_Driver/Inc -I../lib/hal/Drivers/STM32H7xx_HAL_Driver/Inc/Legacy -I../lib/hal/Drivers/CMSIS/Device/ST/STM32H7xx/Include -I../lib/hal/Drivers/CMSIS/Include -I../lib/hal/FATFS/Target -I../lib/hal/FATFS/App -I../lib/hal/USB_DEVICE/App -I../lib/hal/USB_DEVICE/Target -I../lib/hal/Middlewares/Third_Party/FatFs/src -I../lib/hal/Middlewares/ST/STM32_USB_Device_Library/Core/Inc -I../lib/hal/Middlewares/ST/STM32_USB_Device_Library/Class/CustomHID/Inc -I../include -O0 -ffunction-sections -fdata-sections -Wall -Werror -mfp16-format=ieee -fstack-usage -MMD -MP -MF"lib/hal/Core/Src/main.d" -MT"lib/hal/Core/Src/main.o" --specs=nano.specs -mfpu=fpv5-d16 -mfloat-abi=hard -mthumb -o "lib/hal/Core/Src/main.o"
arm-none-eabi-gcc "../lib/hal/Core/Src/sdmmc.c" -mcpu=cortex-m7 -std=gnu17 -g3 -DDEBUG -DUSE_HAL_DRIVER -DSTM32H743xx -c -I../lib/hal/Core/Inc -I../lib/libleguan/include -I../lib/hal/Drivers/STM32H7xx_HAL_Driver/Inc -I../lib/hal/Drivers/STM32H7xx_HAL_Driver/Inc/Legacy -I../lib/hal/Drivers/CMSIS/Device/ST/STM32H7xx/Include -I../lib/hal/Drivers/CMSIS/Include -I../lib/hal/FATFS/Target -I../lib/hal/FATFS/App -I../lib/hal/USB_DEVICE/App -I../lib/hal/USB_DEVICE/Target -I../lib/hal/Middlewares/Third_Party/FatFs/src -I../lib/hal/Middlewares/ST/STM32_USB_Device_Library/Core/Inc -I../lib/hal/Middlewares/ST/STM32_USB_Device_Library/Class/CustomHID/Inc -I../include -O0 -ffunction-sections -fdata-sections -Wall -Werror -mfp16-format=ieee -fstack-usage -MMD -MP -MF"lib/hal/Core/Src/sdmmc.d" -MT"lib/hal/Core/Src/sdmmc.o" --specs=nano.specs -mfpu=fpv5-d16 -mfloat-abi=hard -mthumb -o "lib/hal/Core/Src/sdmmc.o"
arm-none-eabi-gcc "../lib/hal/Core/Src/spi.c" -mcpu=cortex-m7 -std=gnu17 -g3 -DDEBUG -DUSE_HAL_DRIVER -DSTM32H743xx -c -I../lib/hal/Core/Inc -I../lib/libleguan/include -I../lib/hal/Drivers/STM32H7xx_HAL_Driver/Inc -I../lib/hal/Drivers/STM32H7xx_HAL_Driver/Inc/Legacy -I../lib/hal/Drivers/CMSIS/Device/ST/STM32H7xx/Include -I../lib/hal/Drivers/CMSIS/Include -I../lib/hal/FATFS/Target -I../lib/hal/FATFS/App -I../lib/hal/USB_DEVICE/App -I../lib/hal/USB_DEVICE/Target -I../lib/hal/Middlewares/Third_Party/FatFs/src -I../lib/hal/Middlewares/ST/STM32_USB_Device_Library/Core/Inc -I../lib/hal/Middlewares/ST/STM32_USB_Device_Library/Class/CustomHID/Inc -I../include -O0 -ffunction-sections -fdata-sections -Wall -Werror -mfp16-format=ieee -fstack-usage -MMD -MP -MF"lib/hal/Core/Src/spi.d" -MT"lib/hal/Core/Src/spi.o" --specs=nano.specs -mfpu=fpv5-d16 -mfloat-abi=hard -mthumb -o "lib/hal/Core/Src/spi.o"
arm-none-eabi-gcc "../lib/hal/Core/Src/stm32h7xx_hal_msp.c" -mcpu=cortex-m7 -std=gnu17 -g3 -DDEBUG -DUSE_HAL_DRIVER -DSTM32H743xx -c -I../lib/hal/Core/Inc -I../lib/libleguan/include -I../lib/hal/Drivers/STM32H7xx_HAL_Driver/Inc -I../lib/hal/Drivers/STM32H7xx_HAL_Driver/Inc/Legacy -I../lib/hal/Drivers/CMSIS/Device/ST/STM32H7xx/Include -I../lib/hal/Drivers/CMSIS/Include -I../lib/hal/FATFS/Target -I../lib/hal/FATFS/App -I../lib/hal/USB_DEVICE/App -I../lib/hal/USB_DEVICE/Target -I../lib/hal/Middlewares/Third_Party/FatFs/src -I../lib/hal/Middlewares/ST/STM32_USB_Device_Library/Core/Inc -I../lib/hal/Middlewares/ST/STM32_USB_Device_Library/Class/CustomHID/Inc -I../include -O0 -ffunction-sections -fdata-sections -Wall -Werror -mfp16-format=ieee -fstack-usage -MMD -MP -MF"lib/hal/Core/Src/stm32h7xx_hal_msp.d" -MT"lib/hal/Core/Src/stm32h7xx_hal_msp.o" --specs=nano.specs -mfpu=fpv5-d16 -mfloat-abi=hard -mthumb -o "lib/hal/Core/Src/stm32h7xx_hal_msp.o"
arm-none-eabi-gcc "../lib/hal/Core/Src/stm32h7xx_it.c" -mcpu=cortex-m7 -std=gnu17 -g3 -DDEBUG -DUSE_HAL_DRIVER -DSTM32H743xx -c -I../lib/hal/Core/Inc -I../lib/libleguan/include -I../lib/hal/Drivers/STM32H7xx_HAL_Driver/Inc -I../lib/hal/Drivers/STM32H7xx_HAL_Driver/Inc/Legacy -I../lib/hal/Drivers/CMSIS/Device/ST/STM32H7xx/Include -I../lib/hal/Drivers/CMSIS/Include -I../lib/hal/FATFS/Target -I../lib/hal/FATFS/App -I../lib/hal/USB_DEVICE/App -I../lib/hal/USB_DEVICE/Target -I../lib/hal/Middlewares/Third_Party/FatFs/src -I../lib/hal/Middlewares/ST/STM32_USB_Device_Library/Core/Inc -I../lib/hal/Middlewares/ST/STM32_USB_Device_Library/Class/CustomHID/Inc -I../include -O0 -ffunction-sections -fdata-sections -Wall -Werror -mfp16-format=ieee -fstack-usage -MMD -MP -MF"lib/hal/Core/Src/stm32h7xx_it.d" -MT"lib/hal/Core/Src/stm32h7xx_it.o" --specs=nano.specs -mfpu=fpv5-d16 -mfloat-abi=hard -mthumb -o "lib/hal/Core/Src/stm32h7xx_it.o"
arm-none-eabi-gcc "../lib/hal/Core/Src/syscalls.c" -mcpu=cortex-m7 -std=gnu17 -g3 -DDEBUG -DUSE_HAL_DRIVER -DSTM32H743xx -c -I../lib/hal/Core/Inc -I../lib/libleguan/include -I../lib/hal/Drivers/STM32H7xx_HAL_Driver/Inc -I../lib/hal/Drivers/STM32H7xx_HAL_Driver/Inc/Legacy -I../lib/hal/Drivers/CMSIS/Device/ST/STM32H7xx/Include -I../lib/hal/Drivers/CMSIS/Include -I../lib/hal/FATFS/Target -I../lib/hal/FATFS/App -I../lib/hal/USB_DEVICE/App -I../lib/hal/USB_DEVICE/Target -I../lib/hal/Middlewares/Third_Party/FatFs/src -I../lib/hal/Middlewares/ST/STM32_USB_Device_Library/Core/Inc -I../lib/hal/Middlewares/ST/STM32_USB_Device_Library/Class/CustomHID/Inc -I../include -O0 -ffunction-sections -fdata-sections -Wall -Werror -mfp16-format=ieee -fstack-usage -MMD -MP -MF"lib/hal/Core/Src/syscalls.d" -MT"lib/hal/Core/Src/syscalls.o" --specs=nano.specs -mfpu=fpv5-d16 -mfloat-abi=hard -mthumb -o "lib/hal/Core/Src/syscalls.o"
arm-none-eabi-gcc "../lib/hal/Core/Src/sysmem.c" -mcpu=cortex-m7 -std=gnu17 -g3 -DDEBUG -DUSE_HAL_DRIVER -DSTM32H743xx -c -I../lib/hal/Core/Inc -I../lib/libleguan/include -I../lib/hal/Drivers/STM32H7xx_HAL_Driver/Inc -I../lib/hal/Drivers/STM32H7xx_HAL_Driver/Inc/Legacy -I../lib/hal/Drivers/CMSIS/Device/ST/STM32H7xx/Include -I../lib/hal/Drivers/CMSIS/Include -I../lib/hal/FATFS/Target -I../lib/hal/FATFS/App -I../lib/hal/USB_DEVICE/App -I../lib/hal/USB_DEVICE/Target -I../lib/hal/Middlewares/Third_Party/FatFs/src -I../lib/hal/Middlewares/ST/STM32_USB_Device_Library/Core/Inc -I../lib/hal/Middlewares/ST/STM32_USB_Device_Library/Class/CustomHID/Inc -I../include -O0 -ffunction-sections -fdata-sections -Wall -Werror -mfp16-format=ieee -fstack-usage -MMD -MP -MF"lib/hal/Core/Src/sysmem.d" -MT"lib/hal/Core/Src/sysmem.o" --specs=nano.specs -mfpu=fpv5-d16 -mfloat-abi=hard -mthumb -o "lib/hal/Core/Src/sysmem.o"
arm-none-eabi-gcc "../lib/hal/Core/Src/system_stm32h7xx.c" -mcpu=cortex-m7 -std=gnu17 -g3 -DDEBUG -DUSE_HAL_DRIVER -DSTM32H743xx -c -I../lib/hal/Core/Inc -I../lib/libleguan/include -I../lib/hal/Drivers/STM32H7xx_HAL_Driver/Inc -I../lib/hal/Drivers/STM32H7xx_HAL_Driver/Inc/Legacy -I../lib/hal/Drivers/CMSIS/Device/ST/STM32H7xx/Include -I../lib/hal/Drivers/CMSIS/Include -I../lib/hal/FATFS/Target -I../lib/hal/FATFS/App -I../lib/hal/USB_DEVICE/App -I../lib/hal/USB_DEVICE/Target -I../lib/hal/Middlewares/Third_Party/FatFs/src -I../lib/hal/Middlewares/ST/STM32_USB_Device_Library/Core/Inc -I../lib/hal/Middlewares/ST/STM32_USB_Device_Library/Class/CustomHID/Inc -I../include -O0 -ffunction-sections -fdata-sections -Wall -Werror -mfp16-format=ieee -fstack-usage -MMD -MP -MF"lib/hal/Core/Src/system_stm32h7xx.d" -MT"lib/hal/Core/Src/system_stm32h7xx.o" --specs=nano.specs -mfpu=fpv5-d16 -mfloat-abi=hard -mthumb -o "lib/hal/Core/Src/system_stm32h7xx.o"
arm-none-eabi-gcc "../lib/hal/Core/Src/usart.c" -mcpu=cortex-m7 -std=gnu17 -g3 -DDEBUG -DUSE_HAL_DRIVER -DSTM32H743xx -c -I../lib/hal/Core/Inc -I../lib/libleguan/include -I../lib/hal/Drivers/STM32H7xx_HAL_Driver/Inc -I../lib/hal/Drivers/STM32H7xx_HAL_Driver/Inc/Legacy -I../lib/hal/Drivers/CMSIS/Device/ST/STM32H7xx/Include -I../lib/hal/Drivers/CMSIS/Include -I../lib/hal/FATFS/Target -I../lib/hal/FATFS/App -I../lib/hal/USB_DEVICE/App -I../lib/hal/USB_DEVICE/Target -I../lib/hal/Middlewares/Third_Party/FatFs/src -I../lib/hal/Middlewares/ST/STM32_USB_Device_Library/Core/Inc -I../lib/hal/Middlewares/ST/STM32_USB_Device_Library/Class/CustomHID/Inc -I../include -O0 -ffunction-sections -fdata-sections -Wall -Werror -mfp16-format=ieee -fstack-usage -MMD -MP -MF"lib/hal/Core/Src/usart.d" -MT"lib/hal/Core/Src/usart.o" --specs=nano.specs -mfpu=fpv5-d16 -mfloat-abi=hard -mthumb -o "lib/hal/Core/Src/usart.o"
arm-none-eabi-gcc -o "User CPU Base Example.elf" @"objects.list"   -mcpu=cortex-m7 -T"C:\dev\embedded-c-leguan\basics\User CPU Base Example\STM32H743ZITX_FLASH.ld" --specs=nosys.specs -Wl,-Map="User CPU Base Example.map" -Wl,--gc-sections -static --specs=nano.specs -mfpu=fpv5-d16 -mfloat-abi=hard -mthumb -u _printf_float -Wl,--start-group -lc -lm -Wl,--end-group
Finished building target: User CPU Base Example.elf
 
arm-none-eabi-size   User\ CPU\ Base\ Example.elf 
arm-none-eabi-objdump -h -S  User\ CPU\ Base\ Example.elf  > "User CPU Base Example.list"
   text	   data	    bss	    dec	    hex	filename
  93552	    824	  24368	 118744	  1cfd8	User CPU Base Example.elf
Finished building: default.size.stdout
 
Finished building: User CPU Base Example.list
 
10:07:10 **** Incremental Build of configuration Debug for project User CPU Base Example ****
make -j4 all 
arm-none-eabi-size   User\ CPU\ Base\ Example.elf 
   text	   data	    bss	    dec	    hex	filename
  93552	    824	  24368	 118744	  1cfd8	User CPU Base Example.elf
Finished building: default.size.stdout
 
10:07:38 **** Incremental Build of configuration Debug for project User CPU Base Example ****
make -j4 all 
arm-none-eabi-size   User\ CPU\ Base\ Example.elf 
   text	   data	    bss	    dec	    hex	filename
  93552	    824	  24368	 118744	  1cfd8	User CPU Base Example.elf
Finished building: default.size.stdout
 
10:19:52 **** Incremental Build of configuration Debug for project User CPU Base Example ****
make -j4 all 
arm-none-eabi-size   User\ CPU\ Base\ Example.elf 
   text	   data	    bss	    dec	    hex	filename
  93552	    824	  24368	 118744	  1cfd8	User CPU Base Example.elf
Finished building: default.size.stdout
 
10:20:32 **** Incremental Build of configuration Debug for project User CPU Base Example ****
make -j4 all 
arm-none-eabi-size   User\ CPU\ Base\ Example.elf 
   text	   data	    bss	    dec	    hex	filename
  93552	    824	  24368	 118744	  1cfd8	User CPU Base Example.elf
Finished building: default.size.stdout
 
11:01:04 **** Incremental Build of configuration Debug for project User CPU Base Example ****
make -j4 all 
arm-none-eabi-gcc "../source/main.c" -mcpu=cortex-m7 -std=gnu17 -g3 -DDEBUG -DUSE_HAL_DRIVER -DSTM32H743xx -c -I../lib/hal/Core/Inc -I../lib/libleguan/include -I../lib/hal/Drivers/STM32H7xx_HAL_Driver/Inc -I../lib/hal/Drivers/STM32H7xx_HAL_Driver/Inc/Legacy -I../lib/hal/Drivers/CMSIS/Device/ST/STM32H7xx/Include -I../lib/hal/Drivers/CMSIS/Include -I../lib/hal/FATFS/Target -I../lib/hal/FATFS/App -I../lib/hal/USB_DEVICE/App -I../lib/hal/USB_DEVICE/Target -I../lib/hal/Middlewares/Third_Party/FatFs/src -I../lib/hal/Middlewares/ST/STM32_USB_Device_Library/Core/Inc -I../lib/hal/Middlewares/ST/STM32_USB_Device_Library/Class/CustomHID/Inc -I../include -O0 -ffunction-sections -fdata-sections -Wall -Werror -mfp16-format=ieee -fstack-usage -MMD -MP -MF"source/main.d" -MT"source/main.o" --specs=nano.specs -mfpu=fpv5-d16 -mfloat-abi=hard -mthumb -o "source/main.o"
../source/main.c: In function 'main':
../source/main.c:16:17: error: unused variable 'val' [-Werror=unused-variable]
   16 |  uint8_t state, val = 0;
      |                 ^~~
../source/main.c:16:10: error: unused variable 'state' [-Werror=unused-variable]
   16 |  uint8_t state, val = 0;
      |          ^~~~~
cc1.exe: all warnings being treated as errors
make: *** [source/subdir.mk:19: source/main.o] Error 1
"make -j4 all" terminated with exit code 2. Build might be incomplete.
11:01:21 **** Incremental Build of configuration Debug for project User CPU Base Example ****
make -j4 all 
arm-none-eabi-gcc "../source/main.c" -mcpu=cortex-m7 -std=gnu17 -g3 -DDEBUG -DUSE_HAL_DRIVER -DSTM32H743xx -c -I../lib/hal/Core/Inc -I../lib/libleguan/include -I../lib/hal/Drivers/STM32H7xx_HAL_Driver/Inc -I../lib/hal/Drivers/STM32H7xx_HAL_Driver/Inc/Legacy -I../lib/hal/Drivers/CMSIS/Device/ST/STM32H7xx/Include -I../lib/hal/Drivers/CMSIS/Include -I../lib/hal/FATFS/Target -I../lib/hal/FATFS/App -I../lib/hal/USB_DEVICE/App -I../lib/hal/USB_DEVICE/Target -I../lib/hal/Middlewares/Third_Party/FatFs/src -I../lib/hal/Middlewares/ST/STM32_USB_Device_Library/Core/Inc -I../lib/hal/Middlewares/ST/STM32_USB_Device_Library/Class/CustomHID/Inc -I../include -O0 -ffunction-sections -fdata-sections -Wall -Werror -mfp16-format=ieee -fstack-usage -MMD -MP -MF"source/main.d" -MT"source/main.o" --specs=nano.specs -mfpu=fpv5-d16 -mfloat-abi=hard -mthumb -o "source/main.o"
arm-none-eabi-gcc -o "User CPU Base Example.elf" @"objects.list"   -mcpu=cortex-m7 -T"C:\dev\embedded-c-leguan\basics\User CPU Base Example\STM32H743ZITX_FLASH.ld" --specs=nosys.specs -Wl,-Map="User CPU Base Example.map" -Wl,--gc-sections -static --specs=nano.specs -mfpu=fpv5-d16 -mfloat-abi=hard -mthumb -u _printf_float -Wl,--start-group -lc -lm -Wl,--end-group
Finished building target: User CPU Base Example.elf
 
arm-none-eabi-size   User\ CPU\ Base\ Example.elf 
arm-none-eabi-objdump -h -S  User\ CPU\ Base\ Example.elf  > "User CPU Base Example.list"
   text	   data	    bss	    dec	    hex	filename
  93520	    824	  24368	 118712	  1cfb8	User CPU Base Example.elf
Finished building: default.size.stdout
 
Finished building: User CPU Base Example.list
 
11:01:27 **** Incremental Build of configuration Debug for project User CPU Base Example ****
make -j4 all 
arm-none-eabi-size   User\ CPU\ Base\ Example.elf 
   text	   data	    bss	    dec	    hex	filename
  93520	    824	  24368	 118712	  1cfb8	User CPU Base Example.elf
Finished building: default.size.stdout
 
